CCS PCM C Compiler, Version 5.007, 61971               25-May-22 00:01

               Filename:   C:\Users\encer\CCS C Porject\pic_project\pic_project.lst

               ROM used:   3665 words (45%)
                           Largest free fragment is 2048
               RAM used:   16 (4%) at main() level
                           22 (6%) worst case
               Stack used: 0 locations
               Stack size: 8

*
0000:  MOVLW  06
0001:  MOVWF  0A
0002:  GOTO   68E
0003:  NOP
.................... #include <16F877a.h> 
.................... //////// Standard Header file for the PIC16F877A device //////////////// 
.................... #device PIC16F877A 
....................  
.................... #list 
....................  
....................  
.................... #FUSES XT 
.................... #use delay(clock=4MHz) 
0004:  MOVLW  2C
0005:  MOVWF  04
0006:  BCF    03.7
0007:  MOVF   00,W
0008:  BTFSC  03.2
0009:  GOTO   018
000A:  MOVLW  01
000B:  MOVWF  78
000C:  CLRF   77
000D:  DECFSZ 77,F
000E:  GOTO   00D
000F:  DECFSZ 78,F
0010:  GOTO   00C
0011:  MOVLW  4A
0012:  MOVWF  77
0013:  DECFSZ 77,F
0014:  GOTO   013
0015:  GOTO   016
0016:  DECFSZ 00,F
0017:  GOTO   00A
0018:  RETURN
.................... #use I2C(master, sda=PIN_c4, scl=PIN_c3, slow) 
0019:  MOVLW  08
001A:  MOVWF  78
001B:  NOP
001C:  BCF    07.3
001D:  BCF    20.3
001E:  MOVF   20,W
001F:  BSF    03.5
0020:  MOVWF  07
0021:  NOP
0022:  BCF    03.5
0023:  RLF    2E,F
0024:  BCF    07.4
0025:  BTFSS  03.0
0026:  GOTO   02D
0027:  BSF    20.4
0028:  MOVF   20,W
0029:  BSF    03.5
002A:  MOVWF  07
002B:  GOTO   031
002C:  BCF    03.5
002D:  BCF    20.4
002E:  MOVF   20,W
002F:  BSF    03.5
0030:  MOVWF  07
0031:  NOP
0032:  BCF    03.5
0033:  BSF    20.3
0034:  MOVF   20,W
0035:  BSF    03.5
0036:  MOVWF  07
0037:  BCF    03.5
0038:  BTFSS  07.3
0039:  GOTO   038
003A:  DECFSZ 78,F
003B:  GOTO   01B
003C:  NOP
003D:  BCF    07.3
003E:  BCF    20.3
003F:  MOVF   20,W
0040:  BSF    03.5
0041:  MOVWF  07
0042:  NOP
0043:  BCF    03.5
0044:  BSF    20.4
0045:  MOVF   20,W
0046:  BSF    03.5
0047:  MOVWF  07
0048:  NOP
0049:  NOP
004A:  BCF    03.5
004B:  BSF    20.3
004C:  MOVF   20,W
004D:  BSF    03.5
004E:  MOVWF  07
004F:  BCF    03.5
0050:  BTFSS  07.3
0051:  GOTO   050
0052:  CLRF   78
0053:  NOP
0054:  BTFSC  07.4
0055:  BSF    78.0
0056:  BCF    07.3
0057:  BCF    20.3
0058:  MOVF   20,W
0059:  BSF    03.5
005A:  MOVWF  07
005B:  BCF    03.5
005C:  BCF    07.4
005D:  BCF    20.4
005E:  MOVF   20,W
005F:  BSF    03.5
0060:  MOVWF  07
0061:  BCF    03.5
0062:  RETURN
*
00F8:  MOVLW  08
00F9:  MOVWF  2F
00FA:  MOVF   77,W
00FB:  MOVWF  30
00FC:  BSF    20.4
00FD:  MOVF   20,W
00FE:  BSF    03.5
00FF:  MOVWF  07
0100:  NOP
0101:  BCF    03.5
0102:  BSF    20.3
0103:  MOVF   20,W
0104:  BSF    03.5
0105:  MOVWF  07
0106:  BCF    03.5
0107:  BTFSS  07.3
0108:  GOTO   107
0109:  BTFSC  07.4
010A:  BSF    03.0
010B:  BTFSS  07.4
010C:  BCF    03.0
010D:  RLF    78,F
010E:  NOP
010F:  BCF    20.3
0110:  MOVF   20,W
0111:  BSF    03.5
0112:  MOVWF  07
0113:  BCF    03.5
0114:  BCF    07.3
0115:  DECFSZ 2F,F
0116:  GOTO   0FC
0117:  BSF    20.4
0118:  MOVF   20,W
0119:  BSF    03.5
011A:  MOVWF  07
011B:  NOP
011C:  BCF    03.5
011D:  BCF    07.4
011E:  MOVF   30,W
011F:  BTFSC  03.2
0120:  GOTO   126
0121:  BCF    20.4
0122:  MOVF   20,W
0123:  BSF    03.5
0124:  MOVWF  07
0125:  BCF    03.5
0126:  NOP
0127:  BSF    20.3
0128:  MOVF   20,W
0129:  BSF    03.5
012A:  MOVWF  07
012B:  BCF    03.5
012C:  BTFSS  07.3
012D:  GOTO   12C
012E:  NOP
012F:  BCF    07.3
0130:  BCF    20.3
0131:  MOVF   20,W
0132:  BSF    03.5
0133:  MOVWF  07
0134:  NOP
0135:  BCF    03.5
0136:  BCF    07.4
0137:  BCF    20.4
0138:  MOVF   20,W
0139:  BSF    03.5
013A:  MOVWF  07
....................  
.................... #include "MPU6050.C" 
.................... // MPU6050 required Registers 
....................   
.................... #define W_DATA         0xD0 
.................... #define R_DATA         0xD1 
.................... #define PWR_MGMT_1     0x6B 
.................... #define PWR_MGMT_2     0x6C 
.................... #define SMPRT_DIV      0x19 
.................... #define CONFIG_R       0x1A 
.................... #define GYRO_CONFIG    0x1B 
.................... #define ACCEL_CONFIG   0x1C 
.................... #define ACCEL_XOUT_H   0x3B 
.................... #define ACCEL_XOUT_L   0x3C 
.................... #define ACCEL_YOUT_H   0x3D 
.................... #define ACCEL_YOUT_L   0x3E 
.................... #define ACCEL_ZOUT_H   0x3F 
.................... #define ACCEL_ZOUT_L   0x40 
.................... #define TEMP_OUT_H     0x41 
.................... #define TEMP_OUT_L     0x42 
.................... #define GYRO_XOUT_H    0x43 
.................... #define GYRO_XOUT_L    0x44 
.................... #define GYRO_YOUT_H    0x45 
.................... #define GYRO_YOUT_L    0x46 
.................... #define GYRO_ZOUT_H    0x47 
.................... #define GYRO_ZOUT_L    0x48 
....................   
.................... void mpu6050_write(int add, int data) 
.................... { 
....................          i2c_start(); 
*
0063:  BSF    20.4
0064:  MOVF   20,W
0065:  BSF    03.5
0066:  MOVWF  07
0067:  NOP
0068:  BCF    03.5
0069:  BSF    20.3
006A:  MOVF   20,W
006B:  BSF    03.5
006C:  MOVWF  07
006D:  NOP
006E:  BCF    03.5
006F:  BCF    07.4
0070:  BCF    20.4
0071:  MOVF   20,W
0072:  BSF    03.5
0073:  MOVWF  07
0074:  NOP
0075:  BCF    03.5
0076:  BCF    07.3
0077:  BCF    20.3
0078:  MOVF   20,W
0079:  BSF    03.5
007A:  MOVWF  07
....................          i2c_write(W_DATA); 
007B:  MOVLW  D0
007C:  BCF    03.5
007D:  MOVWF  2E
007E:  CALL   019
....................          i2c_write(add); 
007F:  MOVF   2C,W
0080:  MOVWF  2E
0081:  CALL   019
....................          i2c_write(data); 
0082:  MOVF   2D,W
0083:  MOVWF  2E
0084:  CALL   019
....................          i2c_stop(); 
0085:  BCF    20.4
0086:  MOVF   20,W
0087:  BSF    03.5
0088:  MOVWF  07
0089:  NOP
008A:  BCF    03.5
008B:  BSF    20.3
008C:  MOVF   20,W
008D:  BSF    03.5
008E:  MOVWF  07
008F:  BCF    03.5
0090:  BTFSS  07.3
0091:  GOTO   090
0092:  NOP
0093:  GOTO   094
0094:  NOP
0095:  BSF    20.4
0096:  MOVF   20,W
0097:  BSF    03.5
0098:  MOVWF  07
0099:  NOP
009A:  BCF    03.5
009B:  RETURN
....................    
.................... } 
....................         
.................... int16 mpu6050_read(int add){ 
....................          int retval; 
....................          i2c_start(); 
*
00BA:  BSF    20.4
00BB:  MOVF   20,W
00BC:  BSF    03.5
00BD:  MOVWF  07
00BE:  NOP
00BF:  BCF    03.5
00C0:  BSF    20.3
00C1:  MOVF   20,W
00C2:  BSF    03.5
00C3:  MOVWF  07
00C4:  NOP
00C5:  BCF    03.5
00C6:  BCF    07.4
00C7:  BCF    20.4
00C8:  MOVF   20,W
00C9:  BSF    03.5
00CA:  MOVWF  07
00CB:  NOP
00CC:  BCF    03.5
00CD:  BCF    07.3
00CE:  BCF    20.3
00CF:  MOVF   20,W
00D0:  BSF    03.5
00D1:  MOVWF  07
....................          i2c_write(W_DATA); 
00D2:  MOVLW  D0
00D3:  BCF    03.5
00D4:  MOVWF  2E
00D5:  CALL   019
....................          i2c_write(add); 
00D6:  MOVF   2C,W
00D7:  MOVWF  2E
00D8:  CALL   019
....................          i2c_start(); 
00D9:  BSF    20.4
00DA:  MOVF   20,W
00DB:  BSF    03.5
00DC:  MOVWF  07
00DD:  NOP
00DE:  BCF    03.5
00DF:  BSF    20.3
00E0:  MOVF   20,W
00E1:  BSF    03.5
00E2:  MOVWF  07
00E3:  NOP
00E4:  BCF    03.5
00E5:  BTFSS  07.3
00E6:  GOTO   0E5
00E7:  BCF    07.4
00E8:  BCF    20.4
00E9:  MOVF   20,W
00EA:  BSF    03.5
00EB:  MOVWF  07
00EC:  NOP
00ED:  BCF    03.5
00EE:  BCF    07.3
00EF:  BCF    20.3
00F0:  MOVF   20,W
00F1:  BSF    03.5
00F2:  MOVWF  07
....................          i2c_write(R_DATA); 
00F3:  MOVLW  D1
00F4:  BCF    03.5
00F5:  MOVWF  2E
00F6:  CALL   019
....................          retval=i2c_read(0); 
00F7:  CLRF   77
*
013B:  MOVF   78,W
013C:  BCF    03.5
013D:  MOVWF  2D
....................          i2c_stop(); 
013E:  BCF    20.4
013F:  MOVF   20,W
0140:  BSF    03.5
0141:  MOVWF  07
0142:  NOP
0143:  BCF    03.5
0144:  BSF    20.3
0145:  MOVF   20,W
0146:  BSF    03.5
0147:  MOVWF  07
0148:  BCF    03.5
0149:  BTFSS  07.3
014A:  GOTO   149
014B:  NOP
014C:  GOTO   14D
014D:  NOP
014E:  BSF    20.4
014F:  MOVF   20,W
0150:  BSF    03.5
0151:  MOVWF  07
0152:  NOP
....................          return retval; 
0153:  CLRF   7A
0154:  BCF    03.5
0155:  MOVF   2D,W
0156:  MOVWF  78
0157:  MOVF   7A,W
0158:  MOVWF  79
0159:  RETURN
.................... } 
....................    
.................... void mpu6050_init(){ 
....................          mpu6050_write(PWR_MGMT_1,  0x80); 
*
009C:  MOVLW  6B
009D:  MOVWF  2C
009E:  MOVLW  80
009F:  MOVWF  2D
00A0:  CALL   063
....................          delay_ms(100); 
00A1:  MOVLW  64
00A2:  MOVWF  2C
00A3:  CALL   004
....................          mpu6050_write(PWR_MGMT_1,  0x00); 
00A4:  MOVLW  6B
00A5:  MOVWF  2C
00A6:  CLRF   2D
00A7:  CALL   063
....................          delay_ms(100); 
00A8:  MOVLW  64
00A9:  MOVWF  2C
00AA:  CALL   004
....................          mpu6050_write(CONFIG_R,    0x01); 
00AB:  MOVLW  1A
00AC:  MOVWF  2C
00AD:  MOVLW  01
00AE:  MOVWF  2D
00AF:  CALL   063
....................          delay_ms(10); 
00B0:  MOVLW  0A
00B1:  MOVWF  2C
00B2:  CALL   004
....................          mpu6050_write(GYRO_CONFIG, 0x00);} 
00B3:  MOVLW  1B
00B4:  MOVWF  2C
00B5:  CLRF   2D
00B6:  CALL   063
00B7:  BCF    0A.3
00B8:  BCF    0A.4
00B9:  GOTO   6A6 (RETURN)
....................  
....................  
.................... signed int8 A_data[6]; 
.................... signed int16 Xa=0,Ya=0; 
....................  
.................... void x0() 
....................  
.................... { 
....................    /* ############################################################################################################### */ 
....................    // X'in -3 konumu icin olasiliklar 
....................     
....................     
....................    if (Xa>=-17000 && Xa<=-11000 && Ya>=-17000 && Ya<=-11000)  
*
015A:  BTFSS  28.7
015B:  GOTO   167
015C:  MOVF   28,W
015D:  SUBLW  BC
015E:  BTFSC  03.0
015F:  GOTO   199
0160:  XORLW  FF
0161:  BTFSS  03.2
0162:  GOTO   167
0163:  MOVF   27,W
0164:  SUBLW  97
0165:  BTFSC  03.0
0166:  GOTO   199
0167:  BTFSS  28.7
0168:  GOTO   199
0169:  MOVF   28,W
016A:  SUBLW  D5
016B:  BTFSS  03.0
016C:  GOTO   199
016D:  BTFSS  03.2
016E:  GOTO   173
016F:  MOVF   27,W
0170:  SUBLW  08
0171:  BTFSS  03.0
0172:  GOTO   199
0173:  BTFSS  2A.7
0174:  GOTO   180
0175:  MOVF   2A,W
0176:  SUBLW  BC
0177:  BTFSC  03.0
0178:  GOTO   199
0179:  XORLW  FF
017A:  BTFSS  03.2
017B:  GOTO   180
017C:  MOVF   29,W
017D:  SUBLW  97
017E:  BTFSC  03.0
017F:  GOTO   199
0180:  BTFSS  2A.7
0181:  GOTO   199
0182:  MOVF   2A,W
0183:  SUBLW  D5
0184:  BTFSS  03.0
0185:  GOTO   199
0186:  BTFSS  03.2
0187:  GOTO   18C
0188:  MOVF   29,W
0189:  SUBLW  08
018A:  BTFSS  03.0
018B:  GOTO   199
....................    { 
....................       output_b(0b11111100); 
018C:  BSF    03.5
018D:  CLRF   06
018E:  MOVLW  FC
018F:  BCF    03.5
0190:  MOVWF  06
....................       output_d(0b00000011); 
0191:  BSF    03.5
0192:  CLRF   08
0193:  MOVLW  03
0194:  BCF    03.5
0195:  MOVWF  08
....................       delay_ms(100); 
0196:  MOVLW  64
0197:  MOVWF  2C
0198:  CALL   004
....................    } 
....................     
....................    if (Xa>=-17000 && Xa<=-11000 && Ya>=-11000 && Ya<=-6000)  
0199:  BTFSS  28.7
019A:  GOTO   1A6
019B:  MOVF   28,W
019C:  SUBLW  BC
019D:  BTFSC  03.0
019E:  GOTO   1D8
019F:  XORLW  FF
01A0:  BTFSS  03.2
01A1:  GOTO   1A6
01A2:  MOVF   27,W
01A3:  SUBLW  97
01A4:  BTFSC  03.0
01A5:  GOTO   1D8
01A6:  BTFSS  28.7
01A7:  GOTO   1D8
01A8:  MOVF   28,W
01A9:  SUBLW  D5
01AA:  BTFSS  03.0
01AB:  GOTO   1D8
01AC:  BTFSS  03.2
01AD:  GOTO   1B2
01AE:  MOVF   27,W
01AF:  SUBLW  08
01B0:  BTFSS  03.0
01B1:  GOTO   1D8
01B2:  BTFSS  2A.7
01B3:  GOTO   1BF
01B4:  MOVF   2A,W
01B5:  SUBLW  D4
01B6:  BTFSC  03.0
01B7:  GOTO   1D8
01B8:  XORLW  FF
01B9:  BTFSS  03.2
01BA:  GOTO   1BF
01BB:  MOVF   29,W
01BC:  SUBLW  07
01BD:  BTFSC  03.0
01BE:  GOTO   1D8
01BF:  BTFSS  2A.7
01C0:  GOTO   1D8
01C1:  MOVF   2A,W
01C2:  SUBLW  E8
01C3:  BTFSS  03.0
01C4:  GOTO   1D8
01C5:  BTFSS  03.2
01C6:  GOTO   1CB
01C7:  MOVF   29,W
01C8:  SUBLW  90
01C9:  BTFSS  03.0
01CA:  GOTO   1D8
....................    { 
....................       output_b(0b11111100); 
01CB:  BSF    03.5
01CC:  CLRF   06
01CD:  MOVLW  FC
01CE:  BCF    03.5
01CF:  MOVWF  06
....................       output_d(0b00000110); 
01D0:  BSF    03.5
01D1:  CLRF   08
01D2:  MOVLW  06
01D3:  BCF    03.5
01D4:  MOVWF  08
....................       delay_ms(100); 
01D5:  MOVLW  64
01D6:  MOVWF  2C
01D7:  CALL   004
....................    } 
....................     
....................    if (Xa>=-17000 && Xa<=-11000 && Ya>=-6000 && Ya<=-2000)  
01D8:  BTFSS  28.7
01D9:  GOTO   1E5
01DA:  MOVF   28,W
01DB:  SUBLW  BC
01DC:  BTFSC  03.0
01DD:  GOTO   217
01DE:  XORLW  FF
01DF:  BTFSS  03.2
01E0:  GOTO   1E5
01E1:  MOVF   27,W
01E2:  SUBLW  97
01E3:  BTFSC  03.0
01E4:  GOTO   217
01E5:  BTFSS  28.7
01E6:  GOTO   217
01E7:  MOVF   28,W
01E8:  SUBLW  D5
01E9:  BTFSS  03.0
01EA:  GOTO   217
01EB:  BTFSS  03.2
01EC:  GOTO   1F1
01ED:  MOVF   27,W
01EE:  SUBLW  08
01EF:  BTFSS  03.0
01F0:  GOTO   217
01F1:  BTFSS  2A.7
01F2:  GOTO   1FE
01F3:  MOVF   2A,W
01F4:  SUBLW  E7
01F5:  BTFSC  03.0
01F6:  GOTO   217
01F7:  XORLW  FF
01F8:  BTFSS  03.2
01F9:  GOTO   1FE
01FA:  MOVF   29,W
01FB:  SUBLW  8F
01FC:  BTFSC  03.0
01FD:  GOTO   217
01FE:  BTFSS  2A.7
01FF:  GOTO   217
0200:  MOVF   2A,W
0201:  SUBLW  F8
0202:  BTFSS  03.0
0203:  GOTO   217
0204:  BTFSS  03.2
0205:  GOTO   20A
0206:  MOVF   29,W
0207:  SUBLW  30
0208:  BTFSS  03.0
0209:  GOTO   217
....................    { 
....................       output_b(0b11111100); 
020A:  BSF    03.5
020B:  CLRF   06
020C:  MOVLW  FC
020D:  BCF    03.5
020E:  MOVWF  06
....................       output_d(0b00001100); 
020F:  BSF    03.5
0210:  CLRF   08
0211:  MOVLW  0C
0212:  BCF    03.5
0213:  MOVWF  08
....................       delay_ms(100); 
0214:  MOVLW  64
0215:  MOVWF  2C
0216:  CALL   004
....................    } 
....................     
....................    if (Xa>=-17000 && Xa<=-11000 && Ya>=-2000 && Ya<=2000)  
0217:  BTFSS  28.7
0218:  GOTO   224
0219:  MOVF   28,W
021A:  SUBLW  BC
021B:  BTFSC  03.0
021C:  GOTO   256
021D:  XORLW  FF
021E:  BTFSS  03.2
021F:  GOTO   224
0220:  MOVF   27,W
0221:  SUBLW  97
0222:  BTFSC  03.0
0223:  GOTO   256
0224:  BTFSS  28.7
0225:  GOTO   256
0226:  MOVF   28,W
0227:  SUBLW  D5
0228:  BTFSS  03.0
0229:  GOTO   256
022A:  BTFSS  03.2
022B:  GOTO   230
022C:  MOVF   27,W
022D:  SUBLW  08
022E:  BTFSS  03.0
022F:  GOTO   256
0230:  BTFSS  2A.7
0231:  GOTO   23D
0232:  MOVF   2A,W
0233:  SUBLW  F7
0234:  BTFSC  03.0
0235:  GOTO   256
0236:  XORLW  FF
0237:  BTFSS  03.2
0238:  GOTO   23D
0239:  MOVF   29,W
023A:  SUBLW  2F
023B:  BTFSC  03.0
023C:  GOTO   256
023D:  BTFSC  2A.7
023E:  GOTO   249
023F:  MOVF   2A,W
0240:  SUBLW  07
0241:  BTFSS  03.0
0242:  GOTO   256
0243:  BTFSS  03.2
0244:  GOTO   249
0245:  MOVF   29,W
0246:  SUBLW  D0
0247:  BTFSS  03.0
0248:  GOTO   256
....................    { 
....................       output_b(0b11111100); 
0249:  BSF    03.5
024A:  CLRF   06
024B:  MOVLW  FC
024C:  BCF    03.5
024D:  MOVWF  06
....................       output_d(0b00011000); 
024E:  BSF    03.5
024F:  CLRF   08
0250:  MOVLW  18
0251:  BCF    03.5
0252:  MOVWF  08
....................       delay_ms(100); 
0253:  MOVLW  64
0254:  MOVWF  2C
0255:  CALL   004
....................    } 
....................     
....................    if (Xa>=-17000 && Xa<=-11000 && Ya>=2000 && Ya<=6000)  
0256:  BTFSS  28.7
0257:  GOTO   263
0258:  MOVF   28,W
0259:  SUBLW  BC
025A:  BTFSC  03.0
025B:  GOTO   295
025C:  XORLW  FF
025D:  BTFSS  03.2
025E:  GOTO   263
025F:  MOVF   27,W
0260:  SUBLW  97
0261:  BTFSC  03.0
0262:  GOTO   295
0263:  BTFSS  28.7
0264:  GOTO   295
0265:  MOVF   28,W
0266:  SUBLW  D5
0267:  BTFSS  03.0
0268:  GOTO   295
0269:  BTFSS  03.2
026A:  GOTO   26F
026B:  MOVF   27,W
026C:  SUBLW  08
026D:  BTFSS  03.0
026E:  GOTO   295
026F:  BTFSC  2A.7
0270:  GOTO   295
0271:  MOVF   2A,W
0272:  SUBLW  06
0273:  BTFSC  03.0
0274:  GOTO   295
0275:  XORLW  FF
0276:  BTFSS  03.2
0277:  GOTO   27C
0278:  MOVF   29,W
0279:  SUBLW  CF
027A:  BTFSC  03.0
027B:  GOTO   295
027C:  BTFSC  2A.7
027D:  GOTO   288
027E:  MOVF   2A,W
027F:  SUBLW  17
0280:  BTFSS  03.0
0281:  GOTO   295
0282:  BTFSS  03.2
0283:  GOTO   288
0284:  MOVF   29,W
0285:  SUBLW  70
0286:  BTFSS  03.0
0287:  GOTO   295
....................    { 
....................       output_b(0b11111100); 
0288:  BSF    03.5
0289:  CLRF   06
028A:  MOVLW  FC
028B:  BCF    03.5
028C:  MOVWF  06
....................       output_d(0b00110000); 
028D:  BSF    03.5
028E:  CLRF   08
028F:  MOVLW  30
0290:  BCF    03.5
0291:  MOVWF  08
....................       delay_ms(100); 
0292:  MOVLW  64
0293:  MOVWF  2C
0294:  CALL   004
....................    } 
....................     
....................    if (Xa>=-17000 && Xa<=-11000 && Ya>=6000 && Ya<=11000)  
0295:  BTFSS  28.7
0296:  GOTO   2A2
0297:  MOVF   28,W
0298:  SUBLW  BC
0299:  BTFSC  03.0
029A:  GOTO   2D4
029B:  XORLW  FF
029C:  BTFSS  03.2
029D:  GOTO   2A2
029E:  MOVF   27,W
029F:  SUBLW  97
02A0:  BTFSC  03.0
02A1:  GOTO   2D4
02A2:  BTFSS  28.7
02A3:  GOTO   2D4
02A4:  MOVF   28,W
02A5:  SUBLW  D5
02A6:  BTFSS  03.0
02A7:  GOTO   2D4
02A8:  BTFSS  03.2
02A9:  GOTO   2AE
02AA:  MOVF   27,W
02AB:  SUBLW  08
02AC:  BTFSS  03.0
02AD:  GOTO   2D4
02AE:  BTFSC  2A.7
02AF:  GOTO   2D4
02B0:  MOVF   2A,W
02B1:  SUBLW  16
02B2:  BTFSC  03.0
02B3:  GOTO   2D4
02B4:  XORLW  FF
02B5:  BTFSS  03.2
02B6:  GOTO   2BB
02B7:  MOVF   29,W
02B8:  SUBLW  6F
02B9:  BTFSC  03.0
02BA:  GOTO   2D4
02BB:  BTFSC  2A.7
02BC:  GOTO   2C7
02BD:  MOVF   2A,W
02BE:  SUBLW  2A
02BF:  BTFSS  03.0
02C0:  GOTO   2D4
02C1:  BTFSS  03.2
02C2:  GOTO   2C7
02C3:  MOVF   29,W
02C4:  SUBLW  F8
02C5:  BTFSS  03.0
02C6:  GOTO   2D4
....................    { 
....................       output_b(0b11111100); 
02C7:  BSF    03.5
02C8:  CLRF   06
02C9:  MOVLW  FC
02CA:  BCF    03.5
02CB:  MOVWF  06
....................       output_d(0b01100000); 
02CC:  BSF    03.5
02CD:  CLRF   08
02CE:  MOVLW  60
02CF:  BCF    03.5
02D0:  MOVWF  08
....................       delay_ms(100); 
02D1:  MOVLW  64
02D2:  MOVWF  2C
02D3:  CALL   004
....................    } 
....................     
....................    if (Xa>=-17000 && Xa<=-11000 && Ya>=11000 && Ya<=17000)  
02D4:  BTFSS  28.7
02D5:  GOTO   2E1
02D6:  MOVF   28,W
02D7:  SUBLW  BC
02D8:  BTFSC  03.0
02D9:  GOTO   313
02DA:  XORLW  FF
02DB:  BTFSS  03.2
02DC:  GOTO   2E1
02DD:  MOVF   27,W
02DE:  SUBLW  97
02DF:  BTFSC  03.0
02E0:  GOTO   313
02E1:  BTFSS  28.7
02E2:  GOTO   313
02E3:  MOVF   28,W
02E4:  SUBLW  D5
02E5:  BTFSS  03.0
02E6:  GOTO   313
02E7:  BTFSS  03.2
02E8:  GOTO   2ED
02E9:  MOVF   27,W
02EA:  SUBLW  08
02EB:  BTFSS  03.0
02EC:  GOTO   313
02ED:  BTFSC  2A.7
02EE:  GOTO   313
02EF:  MOVF   2A,W
02F0:  SUBLW  29
02F1:  BTFSC  03.0
02F2:  GOTO   313
02F3:  XORLW  FF
02F4:  BTFSS  03.2
02F5:  GOTO   2FA
02F6:  MOVF   29,W
02F7:  SUBLW  F7
02F8:  BTFSC  03.0
02F9:  GOTO   313
02FA:  BTFSC  2A.7
02FB:  GOTO   306
02FC:  MOVF   2A,W
02FD:  SUBLW  42
02FE:  BTFSS  03.0
02FF:  GOTO   313
0300:  BTFSS  03.2
0301:  GOTO   306
0302:  MOVF   29,W
0303:  SUBLW  68
0304:  BTFSS  03.0
0305:  GOTO   313
....................    { 
....................       output_b(0b11111100); 
0306:  BSF    03.5
0307:  CLRF   06
0308:  MOVLW  FC
0309:  BCF    03.5
030A:  MOVWF  06
....................       output_d(0b11000000); 
030B:  BSF    03.5
030C:  CLRF   08
030D:  MOVLW  C0
030E:  BCF    03.5
030F:  MOVWF  08
....................       delay_ms(100); 
0310:  MOVLW  64
0311:  MOVWF  2C
0312:  CALL   004
....................    } 
0313:  BCF    0A.3
0314:  BCF    0A.4
0315:  GOTO   716 (RETURN)
....................     
....................     
....................    /* ############################################################################################################### */ 
.................... } 
....................  
.................... void x1() 
.................... { 
....................    /* ############################################################################################################### */ 
....................    // X'in -2 konumu icin olasiliklar 
....................     
....................     
....................    if (Xa>=-11000 && Xa<=-6000 && Ya>=-17000 && Ya<=-11000)  
0316:  BTFSS  28.7
0317:  GOTO   323
0318:  MOVF   28,W
0319:  SUBLW  D4
031A:  BTFSC  03.0
031B:  GOTO   355
031C:  XORLW  FF
031D:  BTFSS  03.2
031E:  GOTO   323
031F:  MOVF   27,W
0320:  SUBLW  07
0321:  BTFSC  03.0
0322:  GOTO   355
0323:  BTFSS  28.7
0324:  GOTO   355
0325:  MOVF   28,W
0326:  SUBLW  E8
0327:  BTFSS  03.0
0328:  GOTO   355
0329:  BTFSS  03.2
032A:  GOTO   32F
032B:  MOVF   27,W
032C:  SUBLW  90
032D:  BTFSS  03.0
032E:  GOTO   355
032F:  BTFSS  2A.7
0330:  GOTO   33C
0331:  MOVF   2A,W
0332:  SUBLW  BC
0333:  BTFSC  03.0
0334:  GOTO   355
0335:  XORLW  FF
0336:  BTFSS  03.2
0337:  GOTO   33C
0338:  MOVF   29,W
0339:  SUBLW  97
033A:  BTFSC  03.0
033B:  GOTO   355
033C:  BTFSS  2A.7
033D:  GOTO   355
033E:  MOVF   2A,W
033F:  SUBLW  D5
0340:  BTFSS  03.0
0341:  GOTO   355
0342:  BTFSS  03.2
0343:  GOTO   348
0344:  MOVF   29,W
0345:  SUBLW  08
0346:  BTFSS  03.0
0347:  GOTO   355
....................    { 
....................       output_b(0b11111001); 
0348:  BSF    03.5
0349:  CLRF   06
034A:  MOVLW  F9
034B:  BCF    03.5
034C:  MOVWF  06
....................       output_d(0b00000011); 
034D:  BSF    03.5
034E:  CLRF   08
034F:  MOVLW  03
0350:  BCF    03.5
0351:  MOVWF  08
....................       delay_ms(100); 
0352:  MOVLW  64
0353:  MOVWF  2C
0354:  CALL   004
....................    } 
....................     
....................    if (Xa>=-11000 && Xa<=-6000 && Ya>=-11000 && Ya<=-6000)  
0355:  BTFSS  28.7
0356:  GOTO   362
0357:  MOVF   28,W
0358:  SUBLW  D4
0359:  BTFSC  03.0
035A:  GOTO   394
035B:  XORLW  FF
035C:  BTFSS  03.2
035D:  GOTO   362
035E:  MOVF   27,W
035F:  SUBLW  07
0360:  BTFSC  03.0
0361:  GOTO   394
0362:  BTFSS  28.7
0363:  GOTO   394
0364:  MOVF   28,W
0365:  SUBLW  E8
0366:  BTFSS  03.0
0367:  GOTO   394
0368:  BTFSS  03.2
0369:  GOTO   36E
036A:  MOVF   27,W
036B:  SUBLW  90
036C:  BTFSS  03.0
036D:  GOTO   394
036E:  BTFSS  2A.7
036F:  GOTO   37B
0370:  MOVF   2A,W
0371:  SUBLW  D4
0372:  BTFSC  03.0
0373:  GOTO   394
0374:  XORLW  FF
0375:  BTFSS  03.2
0376:  GOTO   37B
0377:  MOVF   29,W
0378:  SUBLW  07
0379:  BTFSC  03.0
037A:  GOTO   394
037B:  BTFSS  2A.7
037C:  GOTO   394
037D:  MOVF   2A,W
037E:  SUBLW  E8
037F:  BTFSS  03.0
0380:  GOTO   394
0381:  BTFSS  03.2
0382:  GOTO   387
0383:  MOVF   29,W
0384:  SUBLW  90
0385:  BTFSS  03.0
0386:  GOTO   394
....................    { 
....................       output_b(0b11111001); 
0387:  BSF    03.5
0388:  CLRF   06
0389:  MOVLW  F9
038A:  BCF    03.5
038B:  MOVWF  06
....................       output_d(0b00000110); 
038C:  BSF    03.5
038D:  CLRF   08
038E:  MOVLW  06
038F:  BCF    03.5
0390:  MOVWF  08
....................       delay_ms(100); 
0391:  MOVLW  64
0392:  MOVWF  2C
0393:  CALL   004
....................    } 
....................     
....................    if (Xa>=-11000 && Xa<=-6000 && Ya>=-6000 && Ya<=-2000)  
0394:  BTFSS  28.7
0395:  GOTO   3A1
0396:  MOVF   28,W
0397:  SUBLW  D4
0398:  BTFSC  03.0
0399:  GOTO   3D3
039A:  XORLW  FF
039B:  BTFSS  03.2
039C:  GOTO   3A1
039D:  MOVF   27,W
039E:  SUBLW  07
039F:  BTFSC  03.0
03A0:  GOTO   3D3
03A1:  BTFSS  28.7
03A2:  GOTO   3D3
03A3:  MOVF   28,W
03A4:  SUBLW  E8
03A5:  BTFSS  03.0
03A6:  GOTO   3D3
03A7:  BTFSS  03.2
03A8:  GOTO   3AD
03A9:  MOVF   27,W
03AA:  SUBLW  90
03AB:  BTFSS  03.0
03AC:  GOTO   3D3
03AD:  BTFSS  2A.7
03AE:  GOTO   3BA
03AF:  MOVF   2A,W
03B0:  SUBLW  E7
03B1:  BTFSC  03.0
03B2:  GOTO   3D3
03B3:  XORLW  FF
03B4:  BTFSS  03.2
03B5:  GOTO   3BA
03B6:  MOVF   29,W
03B7:  SUBLW  8F
03B8:  BTFSC  03.0
03B9:  GOTO   3D3
03BA:  BTFSS  2A.7
03BB:  GOTO   3D3
03BC:  MOVF   2A,W
03BD:  SUBLW  F8
03BE:  BTFSS  03.0
03BF:  GOTO   3D3
03C0:  BTFSS  03.2
03C1:  GOTO   3C6
03C2:  MOVF   29,W
03C3:  SUBLW  30
03C4:  BTFSS  03.0
03C5:  GOTO   3D3
....................    { 
....................       output_b(0b11111001); 
03C6:  BSF    03.5
03C7:  CLRF   06
03C8:  MOVLW  F9
03C9:  BCF    03.5
03CA:  MOVWF  06
....................       output_d(0b00001100); 
03CB:  BSF    03.5
03CC:  CLRF   08
03CD:  MOVLW  0C
03CE:  BCF    03.5
03CF:  MOVWF  08
....................       delay_ms(100); 
03D0:  MOVLW  64
03D1:  MOVWF  2C
03D2:  CALL   004
....................    } 
....................     
....................    if (Xa>=-11000 && Xa<=-6000 && Ya>=-2000 && Ya<=2000)  
03D3:  BTFSS  28.7
03D4:  GOTO   3E0
03D5:  MOVF   28,W
03D6:  SUBLW  D4
03D7:  BTFSC  03.0
03D8:  GOTO   412
03D9:  XORLW  FF
03DA:  BTFSS  03.2
03DB:  GOTO   3E0
03DC:  MOVF   27,W
03DD:  SUBLW  07
03DE:  BTFSC  03.0
03DF:  GOTO   412
03E0:  BTFSS  28.7
03E1:  GOTO   412
03E2:  MOVF   28,W
03E3:  SUBLW  E8
03E4:  BTFSS  03.0
03E5:  GOTO   412
03E6:  BTFSS  03.2
03E7:  GOTO   3EC
03E8:  MOVF   27,W
03E9:  SUBLW  90
03EA:  BTFSS  03.0
03EB:  GOTO   412
03EC:  BTFSS  2A.7
03ED:  GOTO   3F9
03EE:  MOVF   2A,W
03EF:  SUBLW  F7
03F0:  BTFSC  03.0
03F1:  GOTO   412
03F2:  XORLW  FF
03F3:  BTFSS  03.2
03F4:  GOTO   3F9
03F5:  MOVF   29,W
03F6:  SUBLW  2F
03F7:  BTFSC  03.0
03F8:  GOTO   412
03F9:  BTFSC  2A.7
03FA:  GOTO   405
03FB:  MOVF   2A,W
03FC:  SUBLW  07
03FD:  BTFSS  03.0
03FE:  GOTO   412
03FF:  BTFSS  03.2
0400:  GOTO   405
0401:  MOVF   29,W
0402:  SUBLW  D0
0403:  BTFSS  03.0
0404:  GOTO   412
....................    { 
....................       output_b(0b11111001); 
0405:  BSF    03.5
0406:  CLRF   06
0407:  MOVLW  F9
0408:  BCF    03.5
0409:  MOVWF  06
....................       output_d(0b00011000); 
040A:  BSF    03.5
040B:  CLRF   08
040C:  MOVLW  18
040D:  BCF    03.5
040E:  MOVWF  08
....................       delay_ms(100); 
040F:  MOVLW  64
0410:  MOVWF  2C
0411:  CALL   004
....................    } 
....................     
....................    if (Xa>=-11000 && Xa<=-6000 && Ya>=2000 && Ya<=6000)  
0412:  BTFSS  28.7
0413:  GOTO   41F
0414:  MOVF   28,W
0415:  SUBLW  D4
0416:  BTFSC  03.0
0417:  GOTO   451
0418:  XORLW  FF
0419:  BTFSS  03.2
041A:  GOTO   41F
041B:  MOVF   27,W
041C:  SUBLW  07
041D:  BTFSC  03.0
041E:  GOTO   451
041F:  BTFSS  28.7
0420:  GOTO   451
0421:  MOVF   28,W
0422:  SUBLW  E8
0423:  BTFSS  03.0
0424:  GOTO   451
0425:  BTFSS  03.2
0426:  GOTO   42B
0427:  MOVF   27,W
0428:  SUBLW  90
0429:  BTFSS  03.0
042A:  GOTO   451
042B:  BTFSC  2A.7
042C:  GOTO   451
042D:  MOVF   2A,W
042E:  SUBLW  06
042F:  BTFSC  03.0
0430:  GOTO   451
0431:  XORLW  FF
0432:  BTFSS  03.2
0433:  GOTO   438
0434:  MOVF   29,W
0435:  SUBLW  CF
0436:  BTFSC  03.0
0437:  GOTO   451
0438:  BTFSC  2A.7
0439:  GOTO   444
043A:  MOVF   2A,W
043B:  SUBLW  17
043C:  BTFSS  03.0
043D:  GOTO   451
043E:  BTFSS  03.2
043F:  GOTO   444
0440:  MOVF   29,W
0441:  SUBLW  70
0442:  BTFSS  03.0
0443:  GOTO   451
....................    { 
....................       output_b(0b11111001); 
0444:  BSF    03.5
0445:  CLRF   06
0446:  MOVLW  F9
0447:  BCF    03.5
0448:  MOVWF  06
....................       output_d(0b00110000); 
0449:  BSF    03.5
044A:  CLRF   08
044B:  MOVLW  30
044C:  BCF    03.5
044D:  MOVWF  08
....................       delay_ms(100); 
044E:  MOVLW  64
044F:  MOVWF  2C
0450:  CALL   004
....................    } 
....................     
....................    if (Xa>=-11000 && Xa<=-6000 && Ya>=6000 && Ya<=11000)  
0451:  BTFSS  28.7
0452:  GOTO   45E
0453:  MOVF   28,W
0454:  SUBLW  D4
0455:  BTFSC  03.0
0456:  GOTO   490
0457:  XORLW  FF
0458:  BTFSS  03.2
0459:  GOTO   45E
045A:  MOVF   27,W
045B:  SUBLW  07
045C:  BTFSC  03.0
045D:  GOTO   490
045E:  BTFSS  28.7
045F:  GOTO   490
0460:  MOVF   28,W
0461:  SUBLW  E8
0462:  BTFSS  03.0
0463:  GOTO   490
0464:  BTFSS  03.2
0465:  GOTO   46A
0466:  MOVF   27,W
0467:  SUBLW  90
0468:  BTFSS  03.0
0469:  GOTO   490
046A:  BTFSC  2A.7
046B:  GOTO   490
046C:  MOVF   2A,W
046D:  SUBLW  16
046E:  BTFSC  03.0
046F:  GOTO   490
0470:  XORLW  FF
0471:  BTFSS  03.2
0472:  GOTO   477
0473:  MOVF   29,W
0474:  SUBLW  6F
0475:  BTFSC  03.0
0476:  GOTO   490
0477:  BTFSC  2A.7
0478:  GOTO   483
0479:  MOVF   2A,W
047A:  SUBLW  2A
047B:  BTFSS  03.0
047C:  GOTO   490
047D:  BTFSS  03.2
047E:  GOTO   483
047F:  MOVF   29,W
0480:  SUBLW  F8
0481:  BTFSS  03.0
0482:  GOTO   490
....................    { 
....................       output_b(0b11111001); 
0483:  BSF    03.5
0484:  CLRF   06
0485:  MOVLW  F9
0486:  BCF    03.5
0487:  MOVWF  06
....................       output_d(0b01100000); 
0488:  BSF    03.5
0489:  CLRF   08
048A:  MOVLW  60
048B:  BCF    03.5
048C:  MOVWF  08
....................       delay_ms(100); 
048D:  MOVLW  64
048E:  MOVWF  2C
048F:  CALL   004
....................    } 
....................     
....................    if (Xa>=-11000 && Xa<=-6000 && Ya>=11000 && Ya<=17000)  
0490:  BTFSS  28.7
0491:  GOTO   49D
0492:  MOVF   28,W
0493:  SUBLW  D4
0494:  BTFSC  03.0
0495:  GOTO   4CF
0496:  XORLW  FF
0497:  BTFSS  03.2
0498:  GOTO   49D
0499:  MOVF   27,W
049A:  SUBLW  07
049B:  BTFSC  03.0
049C:  GOTO   4CF
049D:  BTFSS  28.7
049E:  GOTO   4CF
049F:  MOVF   28,W
04A0:  SUBLW  E8
04A1:  BTFSS  03.0
04A2:  GOTO   4CF
04A3:  BTFSS  03.2
04A4:  GOTO   4A9
04A5:  MOVF   27,W
04A6:  SUBLW  90
04A7:  BTFSS  03.0
04A8:  GOTO   4CF
04A9:  BTFSC  2A.7
04AA:  GOTO   4CF
04AB:  MOVF   2A,W
04AC:  SUBLW  29
04AD:  BTFSC  03.0
04AE:  GOTO   4CF
04AF:  XORLW  FF
04B0:  BTFSS  03.2
04B1:  GOTO   4B6
04B2:  MOVF   29,W
04B3:  SUBLW  F7
04B4:  BTFSC  03.0
04B5:  GOTO   4CF
04B6:  BTFSC  2A.7
04B7:  GOTO   4C2
04B8:  MOVF   2A,W
04B9:  SUBLW  42
04BA:  BTFSS  03.0
04BB:  GOTO   4CF
04BC:  BTFSS  03.2
04BD:  GOTO   4C2
04BE:  MOVF   29,W
04BF:  SUBLW  68
04C0:  BTFSS  03.0
04C1:  GOTO   4CF
....................    { 
....................       output_b(0b11111001); 
04C2:  BSF    03.5
04C3:  CLRF   06
04C4:  MOVLW  F9
04C5:  BCF    03.5
04C6:  MOVWF  06
....................       output_d(0b11000000); 
04C7:  BSF    03.5
04C8:  CLRF   08
04C9:  MOVLW  C0
04CA:  BCF    03.5
04CB:  MOVWF  08
....................       delay_ms(100); 
04CC:  MOVLW  64
04CD:  MOVWF  2C
04CE:  CALL   004
....................    } 
04CF:  BCF    0A.3
04D0:  BCF    0A.4
04D1:  GOTO   717 (RETURN)
....................     
....................     
....................    /* ############################################################################################################### */ 
.................... } 
....................  
.................... void x2() 
.................... { 
....................    /* ############################################################################################################### */ 
....................    // X'in -1 konumu icin olasiliklar 
....................     
....................     
....................    if (Xa>=-6000 && Xa<=-2000 && Ya>=-17000 && Ya<=-11000)  
04D2:  BTFSS  28.7
04D3:  GOTO   4DF
04D4:  MOVF   28,W
04D5:  SUBLW  E7
04D6:  BTFSC  03.0
04D7:  GOTO   511
04D8:  XORLW  FF
04D9:  BTFSS  03.2
04DA:  GOTO   4DF
04DB:  MOVF   27,W
04DC:  SUBLW  8F
04DD:  BTFSC  03.0
04DE:  GOTO   511
04DF:  BTFSS  28.7
04E0:  GOTO   511
04E1:  MOVF   28,W
04E2:  SUBLW  F8
04E3:  BTFSS  03.0
04E4:  GOTO   511
04E5:  BTFSS  03.2
04E6:  GOTO   4EB
04E7:  MOVF   27,W
04E8:  SUBLW  30
04E9:  BTFSS  03.0
04EA:  GOTO   511
04EB:  BTFSS  2A.7
04EC:  GOTO   4F8
04ED:  MOVF   2A,W
04EE:  SUBLW  BC
04EF:  BTFSC  03.0
04F0:  GOTO   511
04F1:  XORLW  FF
04F2:  BTFSS  03.2
04F3:  GOTO   4F8
04F4:  MOVF   29,W
04F5:  SUBLW  97
04F6:  BTFSC  03.0
04F7:  GOTO   511
04F8:  BTFSS  2A.7
04F9:  GOTO   511
04FA:  MOVF   2A,W
04FB:  SUBLW  D5
04FC:  BTFSS  03.0
04FD:  GOTO   511
04FE:  BTFSS  03.2
04FF:  GOTO   504
0500:  MOVF   29,W
0501:  SUBLW  08
0502:  BTFSS  03.0
0503:  GOTO   511
....................    { 
....................       output_b(0b11110011); 
0504:  BSF    03.5
0505:  CLRF   06
0506:  MOVLW  F3
0507:  BCF    03.5
0508:  MOVWF  06
....................       output_d(0b00000011); 
0509:  BSF    03.5
050A:  CLRF   08
050B:  MOVLW  03
050C:  BCF    03.5
050D:  MOVWF  08
....................       delay_ms(100); 
050E:  MOVLW  64
050F:  MOVWF  2C
0510:  CALL   004
....................    } 
....................     
....................    if (Xa>=-6000 && Xa<=-2000 && Ya>=-11000 && Ya<=-6000)  
0511:  BTFSS  28.7
0512:  GOTO   51E
0513:  MOVF   28,W
0514:  SUBLW  E7
0515:  BTFSC  03.0
0516:  GOTO   550
0517:  XORLW  FF
0518:  BTFSS  03.2
0519:  GOTO   51E
051A:  MOVF   27,W
051B:  SUBLW  8F
051C:  BTFSC  03.0
051D:  GOTO   550
051E:  BTFSS  28.7
051F:  GOTO   550
0520:  MOVF   28,W
0521:  SUBLW  F8
0522:  BTFSS  03.0
0523:  GOTO   550
0524:  BTFSS  03.2
0525:  GOTO   52A
0526:  MOVF   27,W
0527:  SUBLW  30
0528:  BTFSS  03.0
0529:  GOTO   550
052A:  BTFSS  2A.7
052B:  GOTO   537
052C:  MOVF   2A,W
052D:  SUBLW  D4
052E:  BTFSC  03.0
052F:  GOTO   550
0530:  XORLW  FF
0531:  BTFSS  03.2
0532:  GOTO   537
0533:  MOVF   29,W
0534:  SUBLW  07
0535:  BTFSC  03.0
0536:  GOTO   550
0537:  BTFSS  2A.7
0538:  GOTO   550
0539:  MOVF   2A,W
053A:  SUBLW  E8
053B:  BTFSS  03.0
053C:  GOTO   550
053D:  BTFSS  03.2
053E:  GOTO   543
053F:  MOVF   29,W
0540:  SUBLW  90
0541:  BTFSS  03.0
0542:  GOTO   550
....................    { 
....................       output_b(0b11110011); 
0543:  BSF    03.5
0544:  CLRF   06
0545:  MOVLW  F3
0546:  BCF    03.5
0547:  MOVWF  06
....................       output_d(0b00000110); 
0548:  BSF    03.5
0549:  CLRF   08
054A:  MOVLW  06
054B:  BCF    03.5
054C:  MOVWF  08
....................       delay_ms(100); 
054D:  MOVLW  64
054E:  MOVWF  2C
054F:  CALL   004
....................    } 
....................     
....................    if (Xa>=-6000 && Xa<=-2000 && Ya>=-6000 && Ya<=-2000)  
0550:  BTFSS  28.7
0551:  GOTO   55D
0552:  MOVF   28,W
0553:  SUBLW  E7
0554:  BTFSC  03.0
0555:  GOTO   58F
0556:  XORLW  FF
0557:  BTFSS  03.2
0558:  GOTO   55D
0559:  MOVF   27,W
055A:  SUBLW  8F
055B:  BTFSC  03.0
055C:  GOTO   58F
055D:  BTFSS  28.7
055E:  GOTO   58F
055F:  MOVF   28,W
0560:  SUBLW  F8
0561:  BTFSS  03.0
0562:  GOTO   58F
0563:  BTFSS  03.2
0564:  GOTO   569
0565:  MOVF   27,W
0566:  SUBLW  30
0567:  BTFSS  03.0
0568:  GOTO   58F
0569:  BTFSS  2A.7
056A:  GOTO   576
056B:  MOVF   2A,W
056C:  SUBLW  E7
056D:  BTFSC  03.0
056E:  GOTO   58F
056F:  XORLW  FF
0570:  BTFSS  03.2
0571:  GOTO   576
0572:  MOVF   29,W
0573:  SUBLW  8F
0574:  BTFSC  03.0
0575:  GOTO   58F
0576:  BTFSS  2A.7
0577:  GOTO   58F
0578:  MOVF   2A,W
0579:  SUBLW  F8
057A:  BTFSS  03.0
057B:  GOTO   58F
057C:  BTFSS  03.2
057D:  GOTO   582
057E:  MOVF   29,W
057F:  SUBLW  30
0580:  BTFSS  03.0
0581:  GOTO   58F
....................    { 
....................       output_b(0b11110011); 
0582:  BSF    03.5
0583:  CLRF   06
0584:  MOVLW  F3
0585:  BCF    03.5
0586:  MOVWF  06
....................       output_d(0b00001100); 
0587:  BSF    03.5
0588:  CLRF   08
0589:  MOVLW  0C
058A:  BCF    03.5
058B:  MOVWF  08
....................       delay_ms(100); 
058C:  MOVLW  64
058D:  MOVWF  2C
058E:  CALL   004
....................    } 
....................     
....................    if (Xa>=-6000 && Xa<=-2000 && Ya>=-2000 && Ya<=2000)  
058F:  BTFSS  28.7
0590:  GOTO   59C
0591:  MOVF   28,W
0592:  SUBLW  E7
0593:  BTFSC  03.0
0594:  GOTO   5CE
0595:  XORLW  FF
0596:  BTFSS  03.2
0597:  GOTO   59C
0598:  MOVF   27,W
0599:  SUBLW  8F
059A:  BTFSC  03.0
059B:  GOTO   5CE
059C:  BTFSS  28.7
059D:  GOTO   5CE
059E:  MOVF   28,W
059F:  SUBLW  F8
05A0:  BTFSS  03.0
05A1:  GOTO   5CE
05A2:  BTFSS  03.2
05A3:  GOTO   5A8
05A4:  MOVF   27,W
05A5:  SUBLW  30
05A6:  BTFSS  03.0
05A7:  GOTO   5CE
05A8:  BTFSS  2A.7
05A9:  GOTO   5B5
05AA:  MOVF   2A,W
05AB:  SUBLW  F7
05AC:  BTFSC  03.0
05AD:  GOTO   5CE
05AE:  XORLW  FF
05AF:  BTFSS  03.2
05B0:  GOTO   5B5
05B1:  MOVF   29,W
05B2:  SUBLW  2F
05B3:  BTFSC  03.0
05B4:  GOTO   5CE
05B5:  BTFSC  2A.7
05B6:  GOTO   5C1
05B7:  MOVF   2A,W
05B8:  SUBLW  07
05B9:  BTFSS  03.0
05BA:  GOTO   5CE
05BB:  BTFSS  03.2
05BC:  GOTO   5C1
05BD:  MOVF   29,W
05BE:  SUBLW  D0
05BF:  BTFSS  03.0
05C0:  GOTO   5CE
....................    { 
....................       output_b(0b11110011); 
05C1:  BSF    03.5
05C2:  CLRF   06
05C3:  MOVLW  F3
05C4:  BCF    03.5
05C5:  MOVWF  06
....................       output_d(0b00011000); 
05C6:  BSF    03.5
05C7:  CLRF   08
05C8:  MOVLW  18
05C9:  BCF    03.5
05CA:  MOVWF  08
....................       delay_ms(100); 
05CB:  MOVLW  64
05CC:  MOVWF  2C
05CD:  CALL   004
....................    } 
....................     
....................    if (Xa>=-6000 && Xa<=-2000 && Ya>=2000 && Ya<=6000)  
05CE:  BTFSS  28.7
05CF:  GOTO   5DB
05D0:  MOVF   28,W
05D1:  SUBLW  E7
05D2:  BTFSC  03.0
05D3:  GOTO   60D
05D4:  XORLW  FF
05D5:  BTFSS  03.2
05D6:  GOTO   5DB
05D7:  MOVF   27,W
05D8:  SUBLW  8F
05D9:  BTFSC  03.0
05DA:  GOTO   60D
05DB:  BTFSS  28.7
05DC:  GOTO   60D
05DD:  MOVF   28,W
05DE:  SUBLW  F8
05DF:  BTFSS  03.0
05E0:  GOTO   60D
05E1:  BTFSS  03.2
05E2:  GOTO   5E7
05E3:  MOVF   27,W
05E4:  SUBLW  30
05E5:  BTFSS  03.0
05E6:  GOTO   60D
05E7:  BTFSC  2A.7
05E8:  GOTO   60D
05E9:  MOVF   2A,W
05EA:  SUBLW  06
05EB:  BTFSC  03.0
05EC:  GOTO   60D
05ED:  XORLW  FF
05EE:  BTFSS  03.2
05EF:  GOTO   5F4
05F0:  MOVF   29,W
05F1:  SUBLW  CF
05F2:  BTFSC  03.0
05F3:  GOTO   60D
05F4:  BTFSC  2A.7
05F5:  GOTO   600
05F6:  MOVF   2A,W
05F7:  SUBLW  17
05F8:  BTFSS  03.0
05F9:  GOTO   60D
05FA:  BTFSS  03.2
05FB:  GOTO   600
05FC:  MOVF   29,W
05FD:  SUBLW  70
05FE:  BTFSS  03.0
05FF:  GOTO   60D
....................    { 
....................       output_b(0b11110011); 
0600:  BSF    03.5
0601:  CLRF   06
0602:  MOVLW  F3
0603:  BCF    03.5
0604:  MOVWF  06
....................       output_d(0b00110000); 
0605:  BSF    03.5
0606:  CLRF   08
0607:  MOVLW  30
0608:  BCF    03.5
0609:  MOVWF  08
....................       delay_ms(100); 
060A:  MOVLW  64
060B:  MOVWF  2C
060C:  CALL   004
....................    } 
....................         
....................    if (Xa>=-6000 && Xa<=-2000 && Ya>=6000 && Ya<=11000)  
060D:  BTFSS  28.7
060E:  GOTO   61A
060F:  MOVF   28,W
0610:  SUBLW  E7
0611:  BTFSC  03.0
0612:  GOTO   64C
0613:  XORLW  FF
0614:  BTFSS  03.2
0615:  GOTO   61A
0616:  MOVF   27,W
0617:  SUBLW  8F
0618:  BTFSC  03.0
0619:  GOTO   64C
061A:  BTFSS  28.7
061B:  GOTO   64C
061C:  MOVF   28,W
061D:  SUBLW  F8
061E:  BTFSS  03.0
061F:  GOTO   64C
0620:  BTFSS  03.2
0621:  GOTO   626
0622:  MOVF   27,W
0623:  SUBLW  30
0624:  BTFSS  03.0
0625:  GOTO   64C
0626:  BTFSC  2A.7
0627:  GOTO   64C
0628:  MOVF   2A,W
0629:  SUBLW  16
062A:  BTFSC  03.0
062B:  GOTO   64C
062C:  XORLW  FF
062D:  BTFSS  03.2
062E:  GOTO   633
062F:  MOVF   29,W
0630:  SUBLW  6F
0631:  BTFSC  03.0
0632:  GOTO   64C
0633:  BTFSC  2A.7
0634:  GOTO   63F
0635:  MOVF   2A,W
0636:  SUBLW  2A
0637:  BTFSS  03.0
0638:  GOTO   64C
0639:  BTFSS  03.2
063A:  GOTO   63F
063B:  MOVF   29,W
063C:  SUBLW  F8
063D:  BTFSS  03.0
063E:  GOTO   64C
....................    { 
....................       output_b(0b11110011); 
063F:  BSF    03.5
0640:  CLRF   06
0641:  MOVLW  F3
0642:  BCF    03.5
0643:  MOVWF  06
....................       output_d(0b01100000); 
0644:  BSF    03.5
0645:  CLRF   08
0646:  MOVLW  60
0647:  BCF    03.5
0648:  MOVWF  08
....................       delay_ms(100); 
0649:  MOVLW  64
064A:  MOVWF  2C
064B:  CALL   004
....................    } 
....................         
....................    if (Xa>=-6000 && Xa<=-2000 && Ya>=11000 && Ya<=17000)  
064C:  BTFSS  28.7
064D:  GOTO   659
064E:  MOVF   28,W
064F:  SUBLW  E7
0650:  BTFSC  03.0
0651:  GOTO   68B
0652:  XORLW  FF
0653:  BTFSS  03.2
0654:  GOTO   659
0655:  MOVF   27,W
0656:  SUBLW  8F
0657:  BTFSC  03.0
0658:  GOTO   68B
0659:  BTFSS  28.7
065A:  GOTO   68B
065B:  MOVF   28,W
065C:  SUBLW  F8
065D:  BTFSS  03.0
065E:  GOTO   68B
065F:  BTFSS  03.2
0660:  GOTO   665
0661:  MOVF   27,W
0662:  SUBLW  30
0663:  BTFSS  03.0
0664:  GOTO   68B
0665:  BTFSC  2A.7
0666:  GOTO   68B
0667:  MOVF   2A,W
0668:  SUBLW  29
0669:  BTFSC  03.0
066A:  GOTO   68B
066B:  XORLW  FF
066C:  BTFSS  03.2
066D:  GOTO   672
066E:  MOVF   29,W
066F:  SUBLW  F7
0670:  BTFSC  03.0
0671:  GOTO   68B
0672:  BTFSC  2A.7
0673:  GOTO   67E
0674:  MOVF   2A,W
0675:  SUBLW  42
0676:  BTFSS  03.0
0677:  GOTO   68B
0678:  BTFSS  03.2
0679:  GOTO   67E
067A:  MOVF   29,W
067B:  SUBLW  68
067C:  BTFSS  03.0
067D:  GOTO   68B
....................    { 
....................       output_b(0b11110011); 
067E:  BSF    03.5
067F:  CLRF   06
0680:  MOVLW  F3
0681:  BCF    03.5
0682:  MOVWF  06
....................       output_d(0b11000000); 
0683:  BSF    03.5
0684:  CLRF   08
0685:  MOVLW  C0
0686:  BCF    03.5
0687:  MOVWF  08
....................       delay_ms(100); 
0688:  MOVLW  64
0689:  MOVWF  2C
068A:  CALL   004
....................    } 
068B:  BCF    0A.3
068C:  BCF    0A.4
068D:  GOTO   718 (RETURN)
....................     
....................     
....................    /* ############################################################################################################### */ 
.................... } 
....................  
.................... void x3() 
.................... { 
....................    /* ############################################################################################################### */ 
....................    // X'in 0 konumu icin olasiliklar 
....................     
....................     
....................    if (Xa>=-2000 && Xa<=2000 && Ya>=-17000 && Ya<=-11000)  
*
0800:  BTFSS  28.7
0801:  GOTO   00D
0802:  MOVF   28,W
0803:  SUBLW  F7
0804:  BTFSC  03.0
0805:  GOTO   041
0806:  XORLW  FF
0807:  BTFSS  03.2
0808:  GOTO   00D
0809:  MOVF   27,W
080A:  SUBLW  2F
080B:  BTFSC  03.0
080C:  GOTO   041
080D:  BTFSC  28.7
080E:  GOTO   019
080F:  MOVF   28,W
0810:  SUBLW  07
0811:  BTFSS  03.0
0812:  GOTO   041
0813:  BTFSS  03.2
0814:  GOTO   019
0815:  MOVF   27,W
0816:  SUBLW  D0
0817:  BTFSS  03.0
0818:  GOTO   041
0819:  BTFSS  2A.7
081A:  GOTO   026
081B:  MOVF   2A,W
081C:  SUBLW  BC
081D:  BTFSC  03.0
081E:  GOTO   041
081F:  XORLW  FF
0820:  BTFSS  03.2
0821:  GOTO   026
0822:  MOVF   29,W
0823:  SUBLW  97
0824:  BTFSC  03.0
0825:  GOTO   041
0826:  BTFSS  2A.7
0827:  GOTO   041
0828:  MOVF   2A,W
0829:  SUBLW  D5
082A:  BTFSS  03.0
082B:  GOTO   041
082C:  BTFSS  03.2
082D:  GOTO   032
082E:  MOVF   29,W
082F:  SUBLW  08
0830:  BTFSS  03.0
0831:  GOTO   041
....................    { 
....................       output_b(0b11100111); 
0832:  BSF    03.5
0833:  CLRF   06
0834:  MOVLW  E7
0835:  BCF    03.5
0836:  MOVWF  06
....................       output_d(0b00000011); 
0837:  BSF    03.5
0838:  CLRF   08
0839:  MOVLW  03
083A:  BCF    03.5
083B:  MOVWF  08
....................       delay_ms(100); 
083C:  MOVLW  64
083D:  MOVWF  2C
083E:  BCF    0A.3
083F:  CALL   004
0840:  BSF    0A.3
....................    } 
....................     
....................    if (Xa>=-2000 && Xa<=2000 && Ya>=-11000 && Ya<=-6000)  
0841:  BTFSS  28.7
0842:  GOTO   04E
0843:  MOVF   28,W
0844:  SUBLW  F7
0845:  BTFSC  03.0
0846:  GOTO   082
0847:  XORLW  FF
0848:  BTFSS  03.2
0849:  GOTO   04E
084A:  MOVF   27,W
084B:  SUBLW  2F
084C:  BTFSC  03.0
084D:  GOTO   082
084E:  BTFSC  28.7
084F:  GOTO   05A
0850:  MOVF   28,W
0851:  SUBLW  07
0852:  BTFSS  03.0
0853:  GOTO   082
0854:  BTFSS  03.2
0855:  GOTO   05A
0856:  MOVF   27,W
0857:  SUBLW  D0
0858:  BTFSS  03.0
0859:  GOTO   082
085A:  BTFSS  2A.7
085B:  GOTO   067
085C:  MOVF   2A,W
085D:  SUBLW  D4
085E:  BTFSC  03.0
085F:  GOTO   082
0860:  XORLW  FF
0861:  BTFSS  03.2
0862:  GOTO   067
0863:  MOVF   29,W
0864:  SUBLW  07
0865:  BTFSC  03.0
0866:  GOTO   082
0867:  BTFSS  2A.7
0868:  GOTO   082
0869:  MOVF   2A,W
086A:  SUBLW  E8
086B:  BTFSS  03.0
086C:  GOTO   082
086D:  BTFSS  03.2
086E:  GOTO   073
086F:  MOVF   29,W
0870:  SUBLW  90
0871:  BTFSS  03.0
0872:  GOTO   082
....................    { 
....................       output_b(0b11100111); 
0873:  BSF    03.5
0874:  CLRF   06
0875:  MOVLW  E7
0876:  BCF    03.5
0877:  MOVWF  06
....................       output_d(0b00000110); 
0878:  BSF    03.5
0879:  CLRF   08
087A:  MOVLW  06
087B:  BCF    03.5
087C:  MOVWF  08
....................       delay_ms(100); 
087D:  MOVLW  64
087E:  MOVWF  2C
087F:  BCF    0A.3
0880:  CALL   004
0881:  BSF    0A.3
....................    } 
....................     
....................    if (Xa>=-2000 && Xa<=2000 && Ya>=-6000 && Ya<=-2000)  
0882:  BTFSS  28.7
0883:  GOTO   08F
0884:  MOVF   28,W
0885:  SUBLW  F7
0886:  BTFSC  03.0
0887:  GOTO   0C3
0888:  XORLW  FF
0889:  BTFSS  03.2
088A:  GOTO   08F
088B:  MOVF   27,W
088C:  SUBLW  2F
088D:  BTFSC  03.0
088E:  GOTO   0C3
088F:  BTFSC  28.7
0890:  GOTO   09B
0891:  MOVF   28,W
0892:  SUBLW  07
0893:  BTFSS  03.0
0894:  GOTO   0C3
0895:  BTFSS  03.2
0896:  GOTO   09B
0897:  MOVF   27,W
0898:  SUBLW  D0
0899:  BTFSS  03.0
089A:  GOTO   0C3
089B:  BTFSS  2A.7
089C:  GOTO   0A8
089D:  MOVF   2A,W
089E:  SUBLW  E7
089F:  BTFSC  03.0
08A0:  GOTO   0C3
08A1:  XORLW  FF
08A2:  BTFSS  03.2
08A3:  GOTO   0A8
08A4:  MOVF   29,W
08A5:  SUBLW  8F
08A6:  BTFSC  03.0
08A7:  GOTO   0C3
08A8:  BTFSS  2A.7
08A9:  GOTO   0C3
08AA:  MOVF   2A,W
08AB:  SUBLW  F8
08AC:  BTFSS  03.0
08AD:  GOTO   0C3
08AE:  BTFSS  03.2
08AF:  GOTO   0B4
08B0:  MOVF   29,W
08B1:  SUBLW  30
08B2:  BTFSS  03.0
08B3:  GOTO   0C3
....................    { 
....................       output_b(0b11100111); 
08B4:  BSF    03.5
08B5:  CLRF   06
08B6:  MOVLW  E7
08B7:  BCF    03.5
08B8:  MOVWF  06
....................       output_d(0b00001100); 
08B9:  BSF    03.5
08BA:  CLRF   08
08BB:  MOVLW  0C
08BC:  BCF    03.5
08BD:  MOVWF  08
....................       delay_ms(100); 
08BE:  MOVLW  64
08BF:  MOVWF  2C
08C0:  BCF    0A.3
08C1:  CALL   004
08C2:  BSF    0A.3
....................    } 
....................     
....................    if (Xa>=-2000 && Xa<=2000 && Ya>=-2000 && Ya<=2000)  
08C3:  BTFSS  28.7
08C4:  GOTO   0D0
08C5:  MOVF   28,W
08C6:  SUBLW  F7
08C7:  BTFSC  03.0
08C8:  GOTO   104
08C9:  XORLW  FF
08CA:  BTFSS  03.2
08CB:  GOTO   0D0
08CC:  MOVF   27,W
08CD:  SUBLW  2F
08CE:  BTFSC  03.0
08CF:  GOTO   104
08D0:  BTFSC  28.7
08D1:  GOTO   0DC
08D2:  MOVF   28,W
08D3:  SUBLW  07
08D4:  BTFSS  03.0
08D5:  GOTO   104
08D6:  BTFSS  03.2
08D7:  GOTO   0DC
08D8:  MOVF   27,W
08D9:  SUBLW  D0
08DA:  BTFSS  03.0
08DB:  GOTO   104
08DC:  BTFSS  2A.7
08DD:  GOTO   0E9
08DE:  MOVF   2A,W
08DF:  SUBLW  F7
08E0:  BTFSC  03.0
08E1:  GOTO   104
08E2:  XORLW  FF
08E3:  BTFSS  03.2
08E4:  GOTO   0E9
08E5:  MOVF   29,W
08E6:  SUBLW  2F
08E7:  BTFSC  03.0
08E8:  GOTO   104
08E9:  BTFSC  2A.7
08EA:  GOTO   0F5
08EB:  MOVF   2A,W
08EC:  SUBLW  07
08ED:  BTFSS  03.0
08EE:  GOTO   104
08EF:  BTFSS  03.2
08F0:  GOTO   0F5
08F1:  MOVF   29,W
08F2:  SUBLW  D0
08F3:  BTFSS  03.0
08F4:  GOTO   104
....................    { 
....................       output_b(0b11100111); 
08F5:  BSF    03.5
08F6:  CLRF   06
08F7:  MOVLW  E7
08F8:  BCF    03.5
08F9:  MOVWF  06
....................       output_d(0b00011000); 
08FA:  BSF    03.5
08FB:  CLRF   08
08FC:  MOVLW  18
08FD:  BCF    03.5
08FE:  MOVWF  08
....................       delay_ms(100); 
08FF:  MOVLW  64
0900:  MOVWF  2C
0901:  BCF    0A.3
0902:  CALL   004
0903:  BSF    0A.3
....................    } 
....................     
....................    if (Xa>=-2000 && Xa<=2000 && Ya>=2000 && Ya<=6000)  
0904:  BTFSS  28.7
0905:  GOTO   111
0906:  MOVF   28,W
0907:  SUBLW  F7
0908:  BTFSC  03.0
0909:  GOTO   145
090A:  XORLW  FF
090B:  BTFSS  03.2
090C:  GOTO   111
090D:  MOVF   27,W
090E:  SUBLW  2F
090F:  BTFSC  03.0
0910:  GOTO   145
0911:  BTFSC  28.7
0912:  GOTO   11D
0913:  MOVF   28,W
0914:  SUBLW  07
0915:  BTFSS  03.0
0916:  GOTO   145
0917:  BTFSS  03.2
0918:  GOTO   11D
0919:  MOVF   27,W
091A:  SUBLW  D0
091B:  BTFSS  03.0
091C:  GOTO   145
091D:  BTFSC  2A.7
091E:  GOTO   145
091F:  MOVF   2A,W
0920:  SUBLW  06
0921:  BTFSC  03.0
0922:  GOTO   145
0923:  XORLW  FF
0924:  BTFSS  03.2
0925:  GOTO   12A
0926:  MOVF   29,W
0927:  SUBLW  CF
0928:  BTFSC  03.0
0929:  GOTO   145
092A:  BTFSC  2A.7
092B:  GOTO   136
092C:  MOVF   2A,W
092D:  SUBLW  17
092E:  BTFSS  03.0
092F:  GOTO   145
0930:  BTFSS  03.2
0931:  GOTO   136
0932:  MOVF   29,W
0933:  SUBLW  70
0934:  BTFSS  03.0
0935:  GOTO   145
....................    { 
....................       output_b(0b11100111); 
0936:  BSF    03.5
0937:  CLRF   06
0938:  MOVLW  E7
0939:  BCF    03.5
093A:  MOVWF  06
....................       output_d(0b00110000); 
093B:  BSF    03.5
093C:  CLRF   08
093D:  MOVLW  30
093E:  BCF    03.5
093F:  MOVWF  08
....................       delay_ms(100); 
0940:  MOVLW  64
0941:  MOVWF  2C
0942:  BCF    0A.3
0943:  CALL   004
0944:  BSF    0A.3
....................    } 
....................     
....................    if (Xa>=-2000 && Xa<=2000 && Ya>=6000 && Ya<=11000)  
0945:  BTFSS  28.7
0946:  GOTO   152
0947:  MOVF   28,W
0948:  SUBLW  F7
0949:  BTFSC  03.0
094A:  GOTO   186
094B:  XORLW  FF
094C:  BTFSS  03.2
094D:  GOTO   152
094E:  MOVF   27,W
094F:  SUBLW  2F
0950:  BTFSC  03.0
0951:  GOTO   186
0952:  BTFSC  28.7
0953:  GOTO   15E
0954:  MOVF   28,W
0955:  SUBLW  07
0956:  BTFSS  03.0
0957:  GOTO   186
0958:  BTFSS  03.2
0959:  GOTO   15E
095A:  MOVF   27,W
095B:  SUBLW  D0
095C:  BTFSS  03.0
095D:  GOTO   186
095E:  BTFSC  2A.7
095F:  GOTO   186
0960:  MOVF   2A,W
0961:  SUBLW  16
0962:  BTFSC  03.0
0963:  GOTO   186
0964:  XORLW  FF
0965:  BTFSS  03.2
0966:  GOTO   16B
0967:  MOVF   29,W
0968:  SUBLW  6F
0969:  BTFSC  03.0
096A:  GOTO   186
096B:  BTFSC  2A.7
096C:  GOTO   177
096D:  MOVF   2A,W
096E:  SUBLW  2A
096F:  BTFSS  03.0
0970:  GOTO   186
0971:  BTFSS  03.2
0972:  GOTO   177
0973:  MOVF   29,W
0974:  SUBLW  F8
0975:  BTFSS  03.0
0976:  GOTO   186
....................    { 
....................       output_b(0b11100111); 
0977:  BSF    03.5
0978:  CLRF   06
0979:  MOVLW  E7
097A:  BCF    03.5
097B:  MOVWF  06
....................       output_d(0b01100000); 
097C:  BSF    03.5
097D:  CLRF   08
097E:  MOVLW  60
097F:  BCF    03.5
0980:  MOVWF  08
....................       delay_ms(100); 
0981:  MOVLW  64
0982:  MOVWF  2C
0983:  BCF    0A.3
0984:  CALL   004
0985:  BSF    0A.3
....................    } 
....................     
....................    if (Xa>=-2000 && Xa<=2000 && Ya>=11000 && Ya<=17000)  
0986:  BTFSS  28.7
0987:  GOTO   193
0988:  MOVF   28,W
0989:  SUBLW  F7
098A:  BTFSC  03.0
098B:  GOTO   1C7
098C:  XORLW  FF
098D:  BTFSS  03.2
098E:  GOTO   193
098F:  MOVF   27,W
0990:  SUBLW  2F
0991:  BTFSC  03.0
0992:  GOTO   1C7
0993:  BTFSC  28.7
0994:  GOTO   19F
0995:  MOVF   28,W
0996:  SUBLW  07
0997:  BTFSS  03.0
0998:  GOTO   1C7
0999:  BTFSS  03.2
099A:  GOTO   19F
099B:  MOVF   27,W
099C:  SUBLW  D0
099D:  BTFSS  03.0
099E:  GOTO   1C7
099F:  BTFSC  2A.7
09A0:  GOTO   1C7
09A1:  MOVF   2A,W
09A2:  SUBLW  29
09A3:  BTFSC  03.0
09A4:  GOTO   1C7
09A5:  XORLW  FF
09A6:  BTFSS  03.2
09A7:  GOTO   1AC
09A8:  MOVF   29,W
09A9:  SUBLW  F7
09AA:  BTFSC  03.0
09AB:  GOTO   1C7
09AC:  BTFSC  2A.7
09AD:  GOTO   1B8
09AE:  MOVF   2A,W
09AF:  SUBLW  42
09B0:  BTFSS  03.0
09B1:  GOTO   1C7
09B2:  BTFSS  03.2
09B3:  GOTO   1B8
09B4:  MOVF   29,W
09B5:  SUBLW  68
09B6:  BTFSS  03.0
09B7:  GOTO   1C7
....................    { 
....................       output_b(0b11100111); 
09B8:  BSF    03.5
09B9:  CLRF   06
09BA:  MOVLW  E7
09BB:  BCF    03.5
09BC:  MOVWF  06
....................       output_d(0b11000000); 
09BD:  BSF    03.5
09BE:  CLRF   08
09BF:  MOVLW  C0
09C0:  BCF    03.5
09C1:  MOVWF  08
....................       delay_ms(100); 
09C2:  MOVLW  64
09C3:  MOVWF  2C
09C4:  BCF    0A.3
09C5:  CALL   004
09C6:  BSF    0A.3
....................    } 
09C7:  BCF    0A.3
09C8:  BCF    0A.4
09C9:  GOTO   71A (RETURN)
....................     
....................     
....................    /* ############################################################################################################### */   
.................... } 
....................  
.................... void x4() 
.................... { 
....................    /* ############################################################################################################### */ 
....................    // X'in 1 konumu icin olasiliklar 
....................     
....................     
....................    if (Xa>=2000 && Xa<=6000 && Ya>=-17000 && Ya<=-11000)  
09CA:  BTFSC  28.7
09CB:  GOTO   20B
09CC:  MOVF   28,W
09CD:  SUBLW  06
09CE:  BTFSC  03.0
09CF:  GOTO   20B
09D0:  XORLW  FF
09D1:  BTFSS  03.2
09D2:  GOTO   1D7
09D3:  MOVF   27,W
09D4:  SUBLW  CF
09D5:  BTFSC  03.0
09D6:  GOTO   20B
09D7:  BTFSC  28.7
09D8:  GOTO   1E3
09D9:  MOVF   28,W
09DA:  SUBLW  17
09DB:  BTFSS  03.0
09DC:  GOTO   20B
09DD:  BTFSS  03.2
09DE:  GOTO   1E3
09DF:  MOVF   27,W
09E0:  SUBLW  70
09E1:  BTFSS  03.0
09E2:  GOTO   20B
09E3:  BTFSS  2A.7
09E4:  GOTO   1F0
09E5:  MOVF   2A,W
09E6:  SUBLW  BC
09E7:  BTFSC  03.0
09E8:  GOTO   20B
09E9:  XORLW  FF
09EA:  BTFSS  03.2
09EB:  GOTO   1F0
09EC:  MOVF   29,W
09ED:  SUBLW  97
09EE:  BTFSC  03.0
09EF:  GOTO   20B
09F0:  BTFSS  2A.7
09F1:  GOTO   20B
09F2:  MOVF   2A,W
09F3:  SUBLW  D5
09F4:  BTFSS  03.0
09F5:  GOTO   20B
09F6:  BTFSS  03.2
09F7:  GOTO   1FC
09F8:  MOVF   29,W
09F9:  SUBLW  08
09FA:  BTFSS  03.0
09FB:  GOTO   20B
....................    { 
....................       output_b(0b11001111); 
09FC:  BSF    03.5
09FD:  CLRF   06
09FE:  MOVLW  CF
09FF:  BCF    03.5
0A00:  MOVWF  06
....................       output_d(0b00000011); 
0A01:  BSF    03.5
0A02:  CLRF   08
0A03:  MOVLW  03
0A04:  BCF    03.5
0A05:  MOVWF  08
....................       delay_ms(100); 
0A06:  MOVLW  64
0A07:  MOVWF  2C
0A08:  BCF    0A.3
0A09:  CALL   004
0A0A:  BSF    0A.3
....................    } 
....................     
....................    if (Xa>=2000 && Xa<=6000 && Ya>=-11000 && Ya<=-6000)  
0A0B:  BTFSC  28.7
0A0C:  GOTO   24C
0A0D:  MOVF   28,W
0A0E:  SUBLW  06
0A0F:  BTFSC  03.0
0A10:  GOTO   24C
0A11:  XORLW  FF
0A12:  BTFSS  03.2
0A13:  GOTO   218
0A14:  MOVF   27,W
0A15:  SUBLW  CF
0A16:  BTFSC  03.0
0A17:  GOTO   24C
0A18:  BTFSC  28.7
0A19:  GOTO   224
0A1A:  MOVF   28,W
0A1B:  SUBLW  17
0A1C:  BTFSS  03.0
0A1D:  GOTO   24C
0A1E:  BTFSS  03.2
0A1F:  GOTO   224
0A20:  MOVF   27,W
0A21:  SUBLW  70
0A22:  BTFSS  03.0
0A23:  GOTO   24C
0A24:  BTFSS  2A.7
0A25:  GOTO   231
0A26:  MOVF   2A,W
0A27:  SUBLW  D4
0A28:  BTFSC  03.0
0A29:  GOTO   24C
0A2A:  XORLW  FF
0A2B:  BTFSS  03.2
0A2C:  GOTO   231
0A2D:  MOVF   29,W
0A2E:  SUBLW  07
0A2F:  BTFSC  03.0
0A30:  GOTO   24C
0A31:  BTFSS  2A.7
0A32:  GOTO   24C
0A33:  MOVF   2A,W
0A34:  SUBLW  E8
0A35:  BTFSS  03.0
0A36:  GOTO   24C
0A37:  BTFSS  03.2
0A38:  GOTO   23D
0A39:  MOVF   29,W
0A3A:  SUBLW  90
0A3B:  BTFSS  03.0
0A3C:  GOTO   24C
....................    { 
....................       output_b(0b11001111); 
0A3D:  BSF    03.5
0A3E:  CLRF   06
0A3F:  MOVLW  CF
0A40:  BCF    03.5
0A41:  MOVWF  06
....................       output_d(0b00000110); 
0A42:  BSF    03.5
0A43:  CLRF   08
0A44:  MOVLW  06
0A45:  BCF    03.5
0A46:  MOVWF  08
....................       delay_ms(100); 
0A47:  MOVLW  64
0A48:  MOVWF  2C
0A49:  BCF    0A.3
0A4A:  CALL   004
0A4B:  BSF    0A.3
....................    } 
....................     
....................    if (Xa>=2000 && Xa<=6000 && Ya>=-6000 && Ya<=-2000)  
0A4C:  BTFSC  28.7
0A4D:  GOTO   28D
0A4E:  MOVF   28,W
0A4F:  SUBLW  06
0A50:  BTFSC  03.0
0A51:  GOTO   28D
0A52:  XORLW  FF
0A53:  BTFSS  03.2
0A54:  GOTO   259
0A55:  MOVF   27,W
0A56:  SUBLW  CF
0A57:  BTFSC  03.0
0A58:  GOTO   28D
0A59:  BTFSC  28.7
0A5A:  GOTO   265
0A5B:  MOVF   28,W
0A5C:  SUBLW  17
0A5D:  BTFSS  03.0
0A5E:  GOTO   28D
0A5F:  BTFSS  03.2
0A60:  GOTO   265
0A61:  MOVF   27,W
0A62:  SUBLW  70
0A63:  BTFSS  03.0
0A64:  GOTO   28D
0A65:  BTFSS  2A.7
0A66:  GOTO   272
0A67:  MOVF   2A,W
0A68:  SUBLW  E7
0A69:  BTFSC  03.0
0A6A:  GOTO   28D
0A6B:  XORLW  FF
0A6C:  BTFSS  03.2
0A6D:  GOTO   272
0A6E:  MOVF   29,W
0A6F:  SUBLW  8F
0A70:  BTFSC  03.0
0A71:  GOTO   28D
0A72:  BTFSS  2A.7
0A73:  GOTO   28D
0A74:  MOVF   2A,W
0A75:  SUBLW  F8
0A76:  BTFSS  03.0
0A77:  GOTO   28D
0A78:  BTFSS  03.2
0A79:  GOTO   27E
0A7A:  MOVF   29,W
0A7B:  SUBLW  30
0A7C:  BTFSS  03.0
0A7D:  GOTO   28D
....................    { 
....................       output_b(0b11001111); 
0A7E:  BSF    03.5
0A7F:  CLRF   06
0A80:  MOVLW  CF
0A81:  BCF    03.5
0A82:  MOVWF  06
....................       output_d(0b00001100); 
0A83:  BSF    03.5
0A84:  CLRF   08
0A85:  MOVLW  0C
0A86:  BCF    03.5
0A87:  MOVWF  08
....................       delay_ms(100); 
0A88:  MOVLW  64
0A89:  MOVWF  2C
0A8A:  BCF    0A.3
0A8B:  CALL   004
0A8C:  BSF    0A.3
....................    } 
....................     
....................    if (Xa>=2000 && Xa<=6000 && Ya>=-2000 && Ya<=2000)  
0A8D:  BTFSC  28.7
0A8E:  GOTO   2CE
0A8F:  MOVF   28,W
0A90:  SUBLW  06
0A91:  BTFSC  03.0
0A92:  GOTO   2CE
0A93:  XORLW  FF
0A94:  BTFSS  03.2
0A95:  GOTO   29A
0A96:  MOVF   27,W
0A97:  SUBLW  CF
0A98:  BTFSC  03.0
0A99:  GOTO   2CE
0A9A:  BTFSC  28.7
0A9B:  GOTO   2A6
0A9C:  MOVF   28,W
0A9D:  SUBLW  17
0A9E:  BTFSS  03.0
0A9F:  GOTO   2CE
0AA0:  BTFSS  03.2
0AA1:  GOTO   2A6
0AA2:  MOVF   27,W
0AA3:  SUBLW  70
0AA4:  BTFSS  03.0
0AA5:  GOTO   2CE
0AA6:  BTFSS  2A.7
0AA7:  GOTO   2B3
0AA8:  MOVF   2A,W
0AA9:  SUBLW  F7
0AAA:  BTFSC  03.0
0AAB:  GOTO   2CE
0AAC:  XORLW  FF
0AAD:  BTFSS  03.2
0AAE:  GOTO   2B3
0AAF:  MOVF   29,W
0AB0:  SUBLW  2F
0AB1:  BTFSC  03.0
0AB2:  GOTO   2CE
0AB3:  BTFSC  2A.7
0AB4:  GOTO   2BF
0AB5:  MOVF   2A,W
0AB6:  SUBLW  07
0AB7:  BTFSS  03.0
0AB8:  GOTO   2CE
0AB9:  BTFSS  03.2
0ABA:  GOTO   2BF
0ABB:  MOVF   29,W
0ABC:  SUBLW  D0
0ABD:  BTFSS  03.0
0ABE:  GOTO   2CE
....................    { 
....................       output_b(0b11001111); 
0ABF:  BSF    03.5
0AC0:  CLRF   06
0AC1:  MOVLW  CF
0AC2:  BCF    03.5
0AC3:  MOVWF  06
....................       output_d(0b00011000); 
0AC4:  BSF    03.5
0AC5:  CLRF   08
0AC6:  MOVLW  18
0AC7:  BCF    03.5
0AC8:  MOVWF  08
....................       delay_ms(100); 
0AC9:  MOVLW  64
0ACA:  MOVWF  2C
0ACB:  BCF    0A.3
0ACC:  CALL   004
0ACD:  BSF    0A.3
....................    } 
....................     
....................    if (Xa>=2000 && Xa<=6000 && Ya>=2000 && Ya<=6000)  
0ACE:  BTFSC  28.7
0ACF:  GOTO   30F
0AD0:  MOVF   28,W
0AD1:  SUBLW  06
0AD2:  BTFSC  03.0
0AD3:  GOTO   30F
0AD4:  XORLW  FF
0AD5:  BTFSS  03.2
0AD6:  GOTO   2DB
0AD7:  MOVF   27,W
0AD8:  SUBLW  CF
0AD9:  BTFSC  03.0
0ADA:  GOTO   30F
0ADB:  BTFSC  28.7
0ADC:  GOTO   2E7
0ADD:  MOVF   28,W
0ADE:  SUBLW  17
0ADF:  BTFSS  03.0
0AE0:  GOTO   30F
0AE1:  BTFSS  03.2
0AE2:  GOTO   2E7
0AE3:  MOVF   27,W
0AE4:  SUBLW  70
0AE5:  BTFSS  03.0
0AE6:  GOTO   30F
0AE7:  BTFSC  2A.7
0AE8:  GOTO   30F
0AE9:  MOVF   2A,W
0AEA:  SUBLW  06
0AEB:  BTFSC  03.0
0AEC:  GOTO   30F
0AED:  XORLW  FF
0AEE:  BTFSS  03.2
0AEF:  GOTO   2F4
0AF0:  MOVF   29,W
0AF1:  SUBLW  CF
0AF2:  BTFSC  03.0
0AF3:  GOTO   30F
0AF4:  BTFSC  2A.7
0AF5:  GOTO   300
0AF6:  MOVF   2A,W
0AF7:  SUBLW  17
0AF8:  BTFSS  03.0
0AF9:  GOTO   30F
0AFA:  BTFSS  03.2
0AFB:  GOTO   300
0AFC:  MOVF   29,W
0AFD:  SUBLW  70
0AFE:  BTFSS  03.0
0AFF:  GOTO   30F
....................    { 
....................       output_b(0b11001111); 
0B00:  BSF    03.5
0B01:  CLRF   06
0B02:  MOVLW  CF
0B03:  BCF    03.5
0B04:  MOVWF  06
....................       output_d(0b00110000); 
0B05:  BSF    03.5
0B06:  CLRF   08
0B07:  MOVLW  30
0B08:  BCF    03.5
0B09:  MOVWF  08
....................       delay_ms(100); 
0B0A:  MOVLW  64
0B0B:  MOVWF  2C
0B0C:  BCF    0A.3
0B0D:  CALL   004
0B0E:  BSF    0A.3
....................    } 
....................     
....................    if (Xa>=2000 && Xa<=6000 && Ya>=6000 && Ya<=11000)  
0B0F:  BTFSC  28.7
0B10:  GOTO   350
0B11:  MOVF   28,W
0B12:  SUBLW  06
0B13:  BTFSC  03.0
0B14:  GOTO   350
0B15:  XORLW  FF
0B16:  BTFSS  03.2
0B17:  GOTO   31C
0B18:  MOVF   27,W
0B19:  SUBLW  CF
0B1A:  BTFSC  03.0
0B1B:  GOTO   350
0B1C:  BTFSC  28.7
0B1D:  GOTO   328
0B1E:  MOVF   28,W
0B1F:  SUBLW  17
0B20:  BTFSS  03.0
0B21:  GOTO   350
0B22:  BTFSS  03.2
0B23:  GOTO   328
0B24:  MOVF   27,W
0B25:  SUBLW  70
0B26:  BTFSS  03.0
0B27:  GOTO   350
0B28:  BTFSC  2A.7
0B29:  GOTO   350
0B2A:  MOVF   2A,W
0B2B:  SUBLW  16
0B2C:  BTFSC  03.0
0B2D:  GOTO   350
0B2E:  XORLW  FF
0B2F:  BTFSS  03.2
0B30:  GOTO   335
0B31:  MOVF   29,W
0B32:  SUBLW  6F
0B33:  BTFSC  03.0
0B34:  GOTO   350
0B35:  BTFSC  2A.7
0B36:  GOTO   341
0B37:  MOVF   2A,W
0B38:  SUBLW  2A
0B39:  BTFSS  03.0
0B3A:  GOTO   350
0B3B:  BTFSS  03.2
0B3C:  GOTO   341
0B3D:  MOVF   29,W
0B3E:  SUBLW  F8
0B3F:  BTFSS  03.0
0B40:  GOTO   350
....................    { 
....................       output_b(0b11001111); 
0B41:  BSF    03.5
0B42:  CLRF   06
0B43:  MOVLW  CF
0B44:  BCF    03.5
0B45:  MOVWF  06
....................       output_d(0b01100000); 
0B46:  BSF    03.5
0B47:  CLRF   08
0B48:  MOVLW  60
0B49:  BCF    03.5
0B4A:  MOVWF  08
....................       delay_ms(100); 
0B4B:  MOVLW  64
0B4C:  MOVWF  2C
0B4D:  BCF    0A.3
0B4E:  CALL   004
0B4F:  BSF    0A.3
....................    } 
....................     
....................    if (Xa>=2000 && Xa<=6000 && Ya>=11000 && Ya<=17000)  
0B50:  BTFSC  28.7
0B51:  GOTO   391
0B52:  MOVF   28,W
0B53:  SUBLW  06
0B54:  BTFSC  03.0
0B55:  GOTO   391
0B56:  XORLW  FF
0B57:  BTFSS  03.2
0B58:  GOTO   35D
0B59:  MOVF   27,W
0B5A:  SUBLW  CF
0B5B:  BTFSC  03.0
0B5C:  GOTO   391
0B5D:  BTFSC  28.7
0B5E:  GOTO   369
0B5F:  MOVF   28,W
0B60:  SUBLW  17
0B61:  BTFSS  03.0
0B62:  GOTO   391
0B63:  BTFSS  03.2
0B64:  GOTO   369
0B65:  MOVF   27,W
0B66:  SUBLW  70
0B67:  BTFSS  03.0
0B68:  GOTO   391
0B69:  BTFSC  2A.7
0B6A:  GOTO   391
0B6B:  MOVF   2A,W
0B6C:  SUBLW  29
0B6D:  BTFSC  03.0
0B6E:  GOTO   391
0B6F:  XORLW  FF
0B70:  BTFSS  03.2
0B71:  GOTO   376
0B72:  MOVF   29,W
0B73:  SUBLW  F7
0B74:  BTFSC  03.0
0B75:  GOTO   391
0B76:  BTFSC  2A.7
0B77:  GOTO   382
0B78:  MOVF   2A,W
0B79:  SUBLW  42
0B7A:  BTFSS  03.0
0B7B:  GOTO   391
0B7C:  BTFSS  03.2
0B7D:  GOTO   382
0B7E:  MOVF   29,W
0B7F:  SUBLW  68
0B80:  BTFSS  03.0
0B81:  GOTO   391
....................    { 
....................       output_b(0b11001111); 
0B82:  BSF    03.5
0B83:  CLRF   06
0B84:  MOVLW  CF
0B85:  BCF    03.5
0B86:  MOVWF  06
....................       output_d(0b11000000); 
0B87:  BSF    03.5
0B88:  CLRF   08
0B89:  MOVLW  C0
0B8A:  BCF    03.5
0B8B:  MOVWF  08
....................       delay_ms(100); 
0B8C:  MOVLW  64
0B8D:  MOVWF  2C
0B8E:  BCF    0A.3
0B8F:  CALL   004
0B90:  BSF    0A.3
....................    } 
0B91:  BCF    0A.3
0B92:  BCF    0A.4
0B93:  GOTO   71D (RETURN)
....................     
....................     
....................    /* ############################################################################################################### */ 
.................... } 
....................  
.................... void x5() 
.................... { 
....................    /* ############################################################################################################### */ 
....................    // X'in 2 konumu icin olasiliklar 
....................     
....................     
....................    if (Xa>=6000 && Xa<=11000 && Ya>=-17000 && Ya<=-11000)  
0B94:  BTFSC  28.7
0B95:  GOTO   3D5
0B96:  MOVF   28,W
0B97:  SUBLW  16
0B98:  BTFSC  03.0
0B99:  GOTO   3D5
0B9A:  XORLW  FF
0B9B:  BTFSS  03.2
0B9C:  GOTO   3A1
0B9D:  MOVF   27,W
0B9E:  SUBLW  6F
0B9F:  BTFSC  03.0
0BA0:  GOTO   3D5
0BA1:  BTFSC  28.7
0BA2:  GOTO   3AD
0BA3:  MOVF   28,W
0BA4:  SUBLW  2A
0BA5:  BTFSS  03.0
0BA6:  GOTO   3D5
0BA7:  BTFSS  03.2
0BA8:  GOTO   3AD
0BA9:  MOVF   27,W
0BAA:  SUBLW  F8
0BAB:  BTFSS  03.0
0BAC:  GOTO   3D5
0BAD:  BTFSS  2A.7
0BAE:  GOTO   3BA
0BAF:  MOVF   2A,W
0BB0:  SUBLW  BC
0BB1:  BTFSC  03.0
0BB2:  GOTO   3D5
0BB3:  XORLW  FF
0BB4:  BTFSS  03.2
0BB5:  GOTO   3BA
0BB6:  MOVF   29,W
0BB7:  SUBLW  97
0BB8:  BTFSC  03.0
0BB9:  GOTO   3D5
0BBA:  BTFSS  2A.7
0BBB:  GOTO   3D5
0BBC:  MOVF   2A,W
0BBD:  SUBLW  D5
0BBE:  BTFSS  03.0
0BBF:  GOTO   3D5
0BC0:  BTFSS  03.2
0BC1:  GOTO   3C6
0BC2:  MOVF   29,W
0BC3:  SUBLW  08
0BC4:  BTFSS  03.0
0BC5:  GOTO   3D5
....................    { 
....................       output_b(0b10011111); 
0BC6:  BSF    03.5
0BC7:  CLRF   06
0BC8:  MOVLW  9F
0BC9:  BCF    03.5
0BCA:  MOVWF  06
....................       output_d(0b00000011); 
0BCB:  BSF    03.5
0BCC:  CLRF   08
0BCD:  MOVLW  03
0BCE:  BCF    03.5
0BCF:  MOVWF  08
....................       delay_ms(100); 
0BD0:  MOVLW  64
0BD1:  MOVWF  2C
0BD2:  BCF    0A.3
0BD3:  CALL   004
0BD4:  BSF    0A.3
....................    } 
....................     
....................    if (Xa>=6000 && Xa<=11000 && Ya>=-11000 && Ya<=-6000)  
0BD5:  BTFSC  28.7
0BD6:  GOTO   416
0BD7:  MOVF   28,W
0BD8:  SUBLW  16
0BD9:  BTFSC  03.0
0BDA:  GOTO   416
0BDB:  XORLW  FF
0BDC:  BTFSS  03.2
0BDD:  GOTO   3E2
0BDE:  MOVF   27,W
0BDF:  SUBLW  6F
0BE0:  BTFSC  03.0
0BE1:  GOTO   416
0BE2:  BTFSC  28.7
0BE3:  GOTO   3EE
0BE4:  MOVF   28,W
0BE5:  SUBLW  2A
0BE6:  BTFSS  03.0
0BE7:  GOTO   416
0BE8:  BTFSS  03.2
0BE9:  GOTO   3EE
0BEA:  MOVF   27,W
0BEB:  SUBLW  F8
0BEC:  BTFSS  03.0
0BED:  GOTO   416
0BEE:  BTFSS  2A.7
0BEF:  GOTO   3FB
0BF0:  MOVF   2A,W
0BF1:  SUBLW  D4
0BF2:  BTFSC  03.0
0BF3:  GOTO   416
0BF4:  XORLW  FF
0BF5:  BTFSS  03.2
0BF6:  GOTO   3FB
0BF7:  MOVF   29,W
0BF8:  SUBLW  07
0BF9:  BTFSC  03.0
0BFA:  GOTO   416
0BFB:  BTFSS  2A.7
0BFC:  GOTO   416
0BFD:  MOVF   2A,W
0BFE:  SUBLW  E8
0BFF:  BTFSS  03.0
0C00:  GOTO   416
0C01:  BTFSS  03.2
0C02:  GOTO   407
0C03:  MOVF   29,W
0C04:  SUBLW  90
0C05:  BTFSS  03.0
0C06:  GOTO   416
....................    { 
....................       output_b(0b10011111); 
0C07:  BSF    03.5
0C08:  CLRF   06
0C09:  MOVLW  9F
0C0A:  BCF    03.5
0C0B:  MOVWF  06
....................       output_d(0b00000110); 
0C0C:  BSF    03.5
0C0D:  CLRF   08
0C0E:  MOVLW  06
0C0F:  BCF    03.5
0C10:  MOVWF  08
....................       delay_ms(100); 
0C11:  MOVLW  64
0C12:  MOVWF  2C
0C13:  BCF    0A.3
0C14:  CALL   004
0C15:  BSF    0A.3
....................    } 
....................     
....................    if (Xa>=6000 && Xa<=11000 && Ya>=-6000 && Ya<=-2000)  
0C16:  BTFSC  28.7
0C17:  GOTO   457
0C18:  MOVF   28,W
0C19:  SUBLW  16
0C1A:  BTFSC  03.0
0C1B:  GOTO   457
0C1C:  XORLW  FF
0C1D:  BTFSS  03.2
0C1E:  GOTO   423
0C1F:  MOVF   27,W
0C20:  SUBLW  6F
0C21:  BTFSC  03.0
0C22:  GOTO   457
0C23:  BTFSC  28.7
0C24:  GOTO   42F
0C25:  MOVF   28,W
0C26:  SUBLW  2A
0C27:  BTFSS  03.0
0C28:  GOTO   457
0C29:  BTFSS  03.2
0C2A:  GOTO   42F
0C2B:  MOVF   27,W
0C2C:  SUBLW  F8
0C2D:  BTFSS  03.0
0C2E:  GOTO   457
0C2F:  BTFSS  2A.7
0C30:  GOTO   43C
0C31:  MOVF   2A,W
0C32:  SUBLW  E7
0C33:  BTFSC  03.0
0C34:  GOTO   457
0C35:  XORLW  FF
0C36:  BTFSS  03.2
0C37:  GOTO   43C
0C38:  MOVF   29,W
0C39:  SUBLW  8F
0C3A:  BTFSC  03.0
0C3B:  GOTO   457
0C3C:  BTFSS  2A.7
0C3D:  GOTO   457
0C3E:  MOVF   2A,W
0C3F:  SUBLW  F8
0C40:  BTFSS  03.0
0C41:  GOTO   457
0C42:  BTFSS  03.2
0C43:  GOTO   448
0C44:  MOVF   29,W
0C45:  SUBLW  30
0C46:  BTFSS  03.0
0C47:  GOTO   457
....................    { 
....................       output_b(0b10011111); 
0C48:  BSF    03.5
0C49:  CLRF   06
0C4A:  MOVLW  9F
0C4B:  BCF    03.5
0C4C:  MOVWF  06
....................       output_d(0b00001100); 
0C4D:  BSF    03.5
0C4E:  CLRF   08
0C4F:  MOVLW  0C
0C50:  BCF    03.5
0C51:  MOVWF  08
....................       delay_ms(100); 
0C52:  MOVLW  64
0C53:  MOVWF  2C
0C54:  BCF    0A.3
0C55:  CALL   004
0C56:  BSF    0A.3
....................    } 
....................     
....................    if (Xa>=6000 && Xa<=11000 && Ya>=-2000 && Ya<=2000)  
0C57:  BTFSC  28.7
0C58:  GOTO   498
0C59:  MOVF   28,W
0C5A:  SUBLW  16
0C5B:  BTFSC  03.0
0C5C:  GOTO   498
0C5D:  XORLW  FF
0C5E:  BTFSS  03.2
0C5F:  GOTO   464
0C60:  MOVF   27,W
0C61:  SUBLW  6F
0C62:  BTFSC  03.0
0C63:  GOTO   498
0C64:  BTFSC  28.7
0C65:  GOTO   470
0C66:  MOVF   28,W
0C67:  SUBLW  2A
0C68:  BTFSS  03.0
0C69:  GOTO   498
0C6A:  BTFSS  03.2
0C6B:  GOTO   470
0C6C:  MOVF   27,W
0C6D:  SUBLW  F8
0C6E:  BTFSS  03.0
0C6F:  GOTO   498
0C70:  BTFSS  2A.7
0C71:  GOTO   47D
0C72:  MOVF   2A,W
0C73:  SUBLW  F7
0C74:  BTFSC  03.0
0C75:  GOTO   498
0C76:  XORLW  FF
0C77:  BTFSS  03.2
0C78:  GOTO   47D
0C79:  MOVF   29,W
0C7A:  SUBLW  2F
0C7B:  BTFSC  03.0
0C7C:  GOTO   498
0C7D:  BTFSC  2A.7
0C7E:  GOTO   489
0C7F:  MOVF   2A,W
0C80:  SUBLW  07
0C81:  BTFSS  03.0
0C82:  GOTO   498
0C83:  BTFSS  03.2
0C84:  GOTO   489
0C85:  MOVF   29,W
0C86:  SUBLW  D0
0C87:  BTFSS  03.0
0C88:  GOTO   498
....................    { 
....................       output_b(0b10011111); 
0C89:  BSF    03.5
0C8A:  CLRF   06
0C8B:  MOVLW  9F
0C8C:  BCF    03.5
0C8D:  MOVWF  06
....................       output_d(0b00011000); 
0C8E:  BSF    03.5
0C8F:  CLRF   08
0C90:  MOVLW  18
0C91:  BCF    03.5
0C92:  MOVWF  08
....................       delay_ms(100); 
0C93:  MOVLW  64
0C94:  MOVWF  2C
0C95:  BCF    0A.3
0C96:  CALL   004
0C97:  BSF    0A.3
....................    } 
....................     
....................    if (Xa>=6000 && Xa<=11000 && Ya>=2000 && Ya<=6000)  
0C98:  BTFSC  28.7
0C99:  GOTO   4D9
0C9A:  MOVF   28,W
0C9B:  SUBLW  16
0C9C:  BTFSC  03.0
0C9D:  GOTO   4D9
0C9E:  XORLW  FF
0C9F:  BTFSS  03.2
0CA0:  GOTO   4A5
0CA1:  MOVF   27,W
0CA2:  SUBLW  6F
0CA3:  BTFSC  03.0
0CA4:  GOTO   4D9
0CA5:  BTFSC  28.7
0CA6:  GOTO   4B1
0CA7:  MOVF   28,W
0CA8:  SUBLW  2A
0CA9:  BTFSS  03.0
0CAA:  GOTO   4D9
0CAB:  BTFSS  03.2
0CAC:  GOTO   4B1
0CAD:  MOVF   27,W
0CAE:  SUBLW  F8
0CAF:  BTFSS  03.0
0CB0:  GOTO   4D9
0CB1:  BTFSC  2A.7
0CB2:  GOTO   4D9
0CB3:  MOVF   2A,W
0CB4:  SUBLW  06
0CB5:  BTFSC  03.0
0CB6:  GOTO   4D9
0CB7:  XORLW  FF
0CB8:  BTFSS  03.2
0CB9:  GOTO   4BE
0CBA:  MOVF   29,W
0CBB:  SUBLW  CF
0CBC:  BTFSC  03.0
0CBD:  GOTO   4D9
0CBE:  BTFSC  2A.7
0CBF:  GOTO   4CA
0CC0:  MOVF   2A,W
0CC1:  SUBLW  17
0CC2:  BTFSS  03.0
0CC3:  GOTO   4D9
0CC4:  BTFSS  03.2
0CC5:  GOTO   4CA
0CC6:  MOVF   29,W
0CC7:  SUBLW  70
0CC8:  BTFSS  03.0
0CC9:  GOTO   4D9
....................    { 
....................       output_b(0b10011111); 
0CCA:  BSF    03.5
0CCB:  CLRF   06
0CCC:  MOVLW  9F
0CCD:  BCF    03.5
0CCE:  MOVWF  06
....................       output_d(0b00110000); 
0CCF:  BSF    03.5
0CD0:  CLRF   08
0CD1:  MOVLW  30
0CD2:  BCF    03.5
0CD3:  MOVWF  08
....................       delay_ms(100); 
0CD4:  MOVLW  64
0CD5:  MOVWF  2C
0CD6:  BCF    0A.3
0CD7:  CALL   004
0CD8:  BSF    0A.3
....................    } 
....................     
....................    if (Xa>=6000 && Xa<=11000 && Ya>=6000 && Ya<=11000)  
0CD9:  BTFSC  28.7
0CDA:  GOTO   51A
0CDB:  MOVF   28,W
0CDC:  SUBLW  16
0CDD:  BTFSC  03.0
0CDE:  GOTO   51A
0CDF:  XORLW  FF
0CE0:  BTFSS  03.2
0CE1:  GOTO   4E6
0CE2:  MOVF   27,W
0CE3:  SUBLW  6F
0CE4:  BTFSC  03.0
0CE5:  GOTO   51A
0CE6:  BTFSC  28.7
0CE7:  GOTO   4F2
0CE8:  MOVF   28,W
0CE9:  SUBLW  2A
0CEA:  BTFSS  03.0
0CEB:  GOTO   51A
0CEC:  BTFSS  03.2
0CED:  GOTO   4F2
0CEE:  MOVF   27,W
0CEF:  SUBLW  F8
0CF0:  BTFSS  03.0
0CF1:  GOTO   51A
0CF2:  BTFSC  2A.7
0CF3:  GOTO   51A
0CF4:  MOVF   2A,W
0CF5:  SUBLW  16
0CF6:  BTFSC  03.0
0CF7:  GOTO   51A
0CF8:  XORLW  FF
0CF9:  BTFSS  03.2
0CFA:  GOTO   4FF
0CFB:  MOVF   29,W
0CFC:  SUBLW  6F
0CFD:  BTFSC  03.0
0CFE:  GOTO   51A
0CFF:  BTFSC  2A.7
0D00:  GOTO   50B
0D01:  MOVF   2A,W
0D02:  SUBLW  2A
0D03:  BTFSS  03.0
0D04:  GOTO   51A
0D05:  BTFSS  03.2
0D06:  GOTO   50B
0D07:  MOVF   29,W
0D08:  SUBLW  F8
0D09:  BTFSS  03.0
0D0A:  GOTO   51A
....................    { 
....................       output_b(0b10011111); 
0D0B:  BSF    03.5
0D0C:  CLRF   06
0D0D:  MOVLW  9F
0D0E:  BCF    03.5
0D0F:  MOVWF  06
....................       output_d(0b01100000); 
0D10:  BSF    03.5
0D11:  CLRF   08
0D12:  MOVLW  60
0D13:  BCF    03.5
0D14:  MOVWF  08
....................       delay_ms(100); 
0D15:  MOVLW  64
0D16:  MOVWF  2C
0D17:  BCF    0A.3
0D18:  CALL   004
0D19:  BSF    0A.3
....................    } 
....................     
....................    if (Xa>=6000 && Xa<=11000 && Ya>=11000 && Ya<=17000)  
0D1A:  BTFSC  28.7
0D1B:  GOTO   55B
0D1C:  MOVF   28,W
0D1D:  SUBLW  16
0D1E:  BTFSC  03.0
0D1F:  GOTO   55B
0D20:  XORLW  FF
0D21:  BTFSS  03.2
0D22:  GOTO   527
0D23:  MOVF   27,W
0D24:  SUBLW  6F
0D25:  BTFSC  03.0
0D26:  GOTO   55B
0D27:  BTFSC  28.7
0D28:  GOTO   533
0D29:  MOVF   28,W
0D2A:  SUBLW  2A
0D2B:  BTFSS  03.0
0D2C:  GOTO   55B
0D2D:  BTFSS  03.2
0D2E:  GOTO   533
0D2F:  MOVF   27,W
0D30:  SUBLW  F8
0D31:  BTFSS  03.0
0D32:  GOTO   55B
0D33:  BTFSC  2A.7
0D34:  GOTO   55B
0D35:  MOVF   2A,W
0D36:  SUBLW  29
0D37:  BTFSC  03.0
0D38:  GOTO   55B
0D39:  XORLW  FF
0D3A:  BTFSS  03.2
0D3B:  GOTO   540
0D3C:  MOVF   29,W
0D3D:  SUBLW  F7
0D3E:  BTFSC  03.0
0D3F:  GOTO   55B
0D40:  BTFSC  2A.7
0D41:  GOTO   54C
0D42:  MOVF   2A,W
0D43:  SUBLW  42
0D44:  BTFSS  03.0
0D45:  GOTO   55B
0D46:  BTFSS  03.2
0D47:  GOTO   54C
0D48:  MOVF   29,W
0D49:  SUBLW  68
0D4A:  BTFSS  03.0
0D4B:  GOTO   55B
....................    { 
....................       output_b(0b10011111); 
0D4C:  BSF    03.5
0D4D:  CLRF   06
0D4E:  MOVLW  9F
0D4F:  BCF    03.5
0D50:  MOVWF  06
....................       output_d(0b11000000); 
0D51:  BSF    03.5
0D52:  CLRF   08
0D53:  MOVLW  C0
0D54:  BCF    03.5
0D55:  MOVWF  08
....................       delay_ms(100); 
0D56:  MOVLW  64
0D57:  MOVWF  2C
0D58:  BCF    0A.3
0D59:  CALL   004
0D5A:  BSF    0A.3
....................    } 
0D5B:  BCF    0A.3
0D5C:  BCF    0A.4
0D5D:  GOTO   720 (RETURN)
....................     
....................     
....................    /* ############################################################################################################### */ 
.................... } 
....................  
.................... void x6() 
.................... { 
....................    /* ############################################################################################################### */ 
....................    // X'in 3 konumu icin olasiliklar 
....................     
....................     
....................    if (Xa>=11000 && Xa<=17000 && Ya>=-17000 && Ya<=-11000)  
0D5E:  BTFSC  28.7
0D5F:  GOTO   59F
0D60:  MOVF   28,W
0D61:  SUBLW  29
0D62:  BTFSC  03.0
0D63:  GOTO   59F
0D64:  XORLW  FF
0D65:  BTFSS  03.2
0D66:  GOTO   56B
0D67:  MOVF   27,W
0D68:  SUBLW  F7
0D69:  BTFSC  03.0
0D6A:  GOTO   59F
0D6B:  BTFSC  28.7
0D6C:  GOTO   577
0D6D:  MOVF   28,W
0D6E:  SUBLW  42
0D6F:  BTFSS  03.0
0D70:  GOTO   59F
0D71:  BTFSS  03.2
0D72:  GOTO   577
0D73:  MOVF   27,W
0D74:  SUBLW  68
0D75:  BTFSS  03.0
0D76:  GOTO   59F
0D77:  BTFSS  2A.7
0D78:  GOTO   584
0D79:  MOVF   2A,W
0D7A:  SUBLW  BC
0D7B:  BTFSC  03.0
0D7C:  GOTO   59F
0D7D:  XORLW  FF
0D7E:  BTFSS  03.2
0D7F:  GOTO   584
0D80:  MOVF   29,W
0D81:  SUBLW  97
0D82:  BTFSC  03.0
0D83:  GOTO   59F
0D84:  BTFSS  2A.7
0D85:  GOTO   59F
0D86:  MOVF   2A,W
0D87:  SUBLW  D5
0D88:  BTFSS  03.0
0D89:  GOTO   59F
0D8A:  BTFSS  03.2
0D8B:  GOTO   590
0D8C:  MOVF   29,W
0D8D:  SUBLW  08
0D8E:  BTFSS  03.0
0D8F:  GOTO   59F
....................    { 
....................       output_b(0b00111111); 
0D90:  BSF    03.5
0D91:  CLRF   06
0D92:  MOVLW  3F
0D93:  BCF    03.5
0D94:  MOVWF  06
....................       output_d(0b00000011); 
0D95:  BSF    03.5
0D96:  CLRF   08
0D97:  MOVLW  03
0D98:  BCF    03.5
0D99:  MOVWF  08
....................       delay_ms(100); 
0D9A:  MOVLW  64
0D9B:  MOVWF  2C
0D9C:  BCF    0A.3
0D9D:  CALL   004
0D9E:  BSF    0A.3
....................    } 
....................     
....................    if (Xa>=11000 && Xa<=17000 && Ya>=-11000 && Ya<=-6000)  
0D9F:  BTFSC  28.7
0DA0:  GOTO   5E0
0DA1:  MOVF   28,W
0DA2:  SUBLW  29
0DA3:  BTFSC  03.0
0DA4:  GOTO   5E0
0DA5:  XORLW  FF
0DA6:  BTFSS  03.2
0DA7:  GOTO   5AC
0DA8:  MOVF   27,W
0DA9:  SUBLW  F7
0DAA:  BTFSC  03.0
0DAB:  GOTO   5E0
0DAC:  BTFSC  28.7
0DAD:  GOTO   5B8
0DAE:  MOVF   28,W
0DAF:  SUBLW  42
0DB0:  BTFSS  03.0
0DB1:  GOTO   5E0
0DB2:  BTFSS  03.2
0DB3:  GOTO   5B8
0DB4:  MOVF   27,W
0DB5:  SUBLW  68
0DB6:  BTFSS  03.0
0DB7:  GOTO   5E0
0DB8:  BTFSS  2A.7
0DB9:  GOTO   5C5
0DBA:  MOVF   2A,W
0DBB:  SUBLW  D4
0DBC:  BTFSC  03.0
0DBD:  GOTO   5E0
0DBE:  XORLW  FF
0DBF:  BTFSS  03.2
0DC0:  GOTO   5C5
0DC1:  MOVF   29,W
0DC2:  SUBLW  07
0DC3:  BTFSC  03.0
0DC4:  GOTO   5E0
0DC5:  BTFSS  2A.7
0DC6:  GOTO   5E0
0DC7:  MOVF   2A,W
0DC8:  SUBLW  E8
0DC9:  BTFSS  03.0
0DCA:  GOTO   5E0
0DCB:  BTFSS  03.2
0DCC:  GOTO   5D1
0DCD:  MOVF   29,W
0DCE:  SUBLW  90
0DCF:  BTFSS  03.0
0DD0:  GOTO   5E0
....................    { 
....................       output_b(0b00111111); 
0DD1:  BSF    03.5
0DD2:  CLRF   06
0DD3:  MOVLW  3F
0DD4:  BCF    03.5
0DD5:  MOVWF  06
....................       output_d(0b00000110); 
0DD6:  BSF    03.5
0DD7:  CLRF   08
0DD8:  MOVLW  06
0DD9:  BCF    03.5
0DDA:  MOVWF  08
....................       delay_ms(100); 
0DDB:  MOVLW  64
0DDC:  MOVWF  2C
0DDD:  BCF    0A.3
0DDE:  CALL   004
0DDF:  BSF    0A.3
....................    } 
....................     
....................    if (Xa>=11000 && Xa<=17000 && Ya>=-6000 && Ya<=-2000)  
0DE0:  BTFSC  28.7
0DE1:  GOTO   621
0DE2:  MOVF   28,W
0DE3:  SUBLW  29
0DE4:  BTFSC  03.0
0DE5:  GOTO   621
0DE6:  XORLW  FF
0DE7:  BTFSS  03.2
0DE8:  GOTO   5ED
0DE9:  MOVF   27,W
0DEA:  SUBLW  F7
0DEB:  BTFSC  03.0
0DEC:  GOTO   621
0DED:  BTFSC  28.7
0DEE:  GOTO   5F9
0DEF:  MOVF   28,W
0DF0:  SUBLW  42
0DF1:  BTFSS  03.0
0DF2:  GOTO   621
0DF3:  BTFSS  03.2
0DF4:  GOTO   5F9
0DF5:  MOVF   27,W
0DF6:  SUBLW  68
0DF7:  BTFSS  03.0
0DF8:  GOTO   621
0DF9:  BTFSS  2A.7
0DFA:  GOTO   606
0DFB:  MOVF   2A,W
0DFC:  SUBLW  E7
0DFD:  BTFSC  03.0
0DFE:  GOTO   621
0DFF:  XORLW  FF
0E00:  BTFSS  03.2
0E01:  GOTO   606
0E02:  MOVF   29,W
0E03:  SUBLW  8F
0E04:  BTFSC  03.0
0E05:  GOTO   621
0E06:  BTFSS  2A.7
0E07:  GOTO   621
0E08:  MOVF   2A,W
0E09:  SUBLW  F8
0E0A:  BTFSS  03.0
0E0B:  GOTO   621
0E0C:  BTFSS  03.2
0E0D:  GOTO   612
0E0E:  MOVF   29,W
0E0F:  SUBLW  30
0E10:  BTFSS  03.0
0E11:  GOTO   621
....................    { 
....................       output_b(0b00111111); 
0E12:  BSF    03.5
0E13:  CLRF   06
0E14:  MOVLW  3F
0E15:  BCF    03.5
0E16:  MOVWF  06
....................       output_d(0b00001100); 
0E17:  BSF    03.5
0E18:  CLRF   08
0E19:  MOVLW  0C
0E1A:  BCF    03.5
0E1B:  MOVWF  08
....................       delay_ms(100); 
0E1C:  MOVLW  64
0E1D:  MOVWF  2C
0E1E:  BCF    0A.3
0E1F:  CALL   004
0E20:  BSF    0A.3
....................    } 
....................     
....................    if (Xa>=11000 && Xa<=17000 && Ya>=-2000 && Ya<=2000)  
0E21:  BTFSC  28.7
0E22:  GOTO   662
0E23:  MOVF   28,W
0E24:  SUBLW  29
0E25:  BTFSC  03.0
0E26:  GOTO   662
0E27:  XORLW  FF
0E28:  BTFSS  03.2
0E29:  GOTO   62E
0E2A:  MOVF   27,W
0E2B:  SUBLW  F7
0E2C:  BTFSC  03.0
0E2D:  GOTO   662
0E2E:  BTFSC  28.7
0E2F:  GOTO   63A
0E30:  MOVF   28,W
0E31:  SUBLW  42
0E32:  BTFSS  03.0
0E33:  GOTO   662
0E34:  BTFSS  03.2
0E35:  GOTO   63A
0E36:  MOVF   27,W
0E37:  SUBLW  68
0E38:  BTFSS  03.0
0E39:  GOTO   662
0E3A:  BTFSS  2A.7
0E3B:  GOTO   647
0E3C:  MOVF   2A,W
0E3D:  SUBLW  F7
0E3E:  BTFSC  03.0
0E3F:  GOTO   662
0E40:  XORLW  FF
0E41:  BTFSS  03.2
0E42:  GOTO   647
0E43:  MOVF   29,W
0E44:  SUBLW  2F
0E45:  BTFSC  03.0
0E46:  GOTO   662
0E47:  BTFSC  2A.7
0E48:  GOTO   653
0E49:  MOVF   2A,W
0E4A:  SUBLW  07
0E4B:  BTFSS  03.0
0E4C:  GOTO   662
0E4D:  BTFSS  03.2
0E4E:  GOTO   653
0E4F:  MOVF   29,W
0E50:  SUBLW  D0
0E51:  BTFSS  03.0
0E52:  GOTO   662
....................    { 
....................       output_b(0b00111111); 
0E53:  BSF    03.5
0E54:  CLRF   06
0E55:  MOVLW  3F
0E56:  BCF    03.5
0E57:  MOVWF  06
....................       output_d(0b00011000); 
0E58:  BSF    03.5
0E59:  CLRF   08
0E5A:  MOVLW  18
0E5B:  BCF    03.5
0E5C:  MOVWF  08
....................       delay_ms(100); 
0E5D:  MOVLW  64
0E5E:  MOVWF  2C
0E5F:  BCF    0A.3
0E60:  CALL   004
0E61:  BSF    0A.3
....................    } 
....................     
....................    if (Xa>=11000 && Xa<=17000 && Ya>=2000 && Ya<=6000)  
0E62:  BTFSC  28.7
0E63:  GOTO   6A3
0E64:  MOVF   28,W
0E65:  SUBLW  29
0E66:  BTFSC  03.0
0E67:  GOTO   6A3
0E68:  XORLW  FF
0E69:  BTFSS  03.2
0E6A:  GOTO   66F
0E6B:  MOVF   27,W
0E6C:  SUBLW  F7
0E6D:  BTFSC  03.0
0E6E:  GOTO   6A3
0E6F:  BTFSC  28.7
0E70:  GOTO   67B
0E71:  MOVF   28,W
0E72:  SUBLW  42
0E73:  BTFSS  03.0
0E74:  GOTO   6A3
0E75:  BTFSS  03.2
0E76:  GOTO   67B
0E77:  MOVF   27,W
0E78:  SUBLW  68
0E79:  BTFSS  03.0
0E7A:  GOTO   6A3
0E7B:  BTFSC  2A.7
0E7C:  GOTO   6A3
0E7D:  MOVF   2A,W
0E7E:  SUBLW  06
0E7F:  BTFSC  03.0
0E80:  GOTO   6A3
0E81:  XORLW  FF
0E82:  BTFSS  03.2
0E83:  GOTO   688
0E84:  MOVF   29,W
0E85:  SUBLW  CF
0E86:  BTFSC  03.0
0E87:  GOTO   6A3
0E88:  BTFSC  2A.7
0E89:  GOTO   694
0E8A:  MOVF   2A,W
0E8B:  SUBLW  17
0E8C:  BTFSS  03.0
0E8D:  GOTO   6A3
0E8E:  BTFSS  03.2
0E8F:  GOTO   694
0E90:  MOVF   29,W
0E91:  SUBLW  70
0E92:  BTFSS  03.0
0E93:  GOTO   6A3
....................    { 
....................       output_b(0b00111111); 
0E94:  BSF    03.5
0E95:  CLRF   06
0E96:  MOVLW  3F
0E97:  BCF    03.5
0E98:  MOVWF  06
....................       output_d(0b00110000); 
0E99:  BSF    03.5
0E9A:  CLRF   08
0E9B:  MOVLW  30
0E9C:  BCF    03.5
0E9D:  MOVWF  08
....................       delay_ms(100); 
0E9E:  MOVLW  64
0E9F:  MOVWF  2C
0EA0:  BCF    0A.3
0EA1:  CALL   004
0EA2:  BSF    0A.3
....................    } 
....................     
....................    if (Xa>=11000 && Xa<=17000 && Ya>=6000 && Ya<=11000)  
0EA3:  BTFSC  28.7
0EA4:  GOTO   6E4
0EA5:  MOVF   28,W
0EA6:  SUBLW  29
0EA7:  BTFSC  03.0
0EA8:  GOTO   6E4
0EA9:  XORLW  FF
0EAA:  BTFSS  03.2
0EAB:  GOTO   6B0
0EAC:  MOVF   27,W
0EAD:  SUBLW  F7
0EAE:  BTFSC  03.0
0EAF:  GOTO   6E4
0EB0:  BTFSC  28.7
0EB1:  GOTO   6BC
0EB2:  MOVF   28,W
0EB3:  SUBLW  42
0EB4:  BTFSS  03.0
0EB5:  GOTO   6E4
0EB6:  BTFSS  03.2
0EB7:  GOTO   6BC
0EB8:  MOVF   27,W
0EB9:  SUBLW  68
0EBA:  BTFSS  03.0
0EBB:  GOTO   6E4
0EBC:  BTFSC  2A.7
0EBD:  GOTO   6E4
0EBE:  MOVF   2A,W
0EBF:  SUBLW  16
0EC0:  BTFSC  03.0
0EC1:  GOTO   6E4
0EC2:  XORLW  FF
0EC3:  BTFSS  03.2
0EC4:  GOTO   6C9
0EC5:  MOVF   29,W
0EC6:  SUBLW  6F
0EC7:  BTFSC  03.0
0EC8:  GOTO   6E4
0EC9:  BTFSC  2A.7
0ECA:  GOTO   6D5
0ECB:  MOVF   2A,W
0ECC:  SUBLW  2A
0ECD:  BTFSS  03.0
0ECE:  GOTO   6E4
0ECF:  BTFSS  03.2
0ED0:  GOTO   6D5
0ED1:  MOVF   29,W
0ED2:  SUBLW  F8
0ED3:  BTFSS  03.0
0ED4:  GOTO   6E4
....................    { 
....................       output_b(0b00111111); 
0ED5:  BSF    03.5
0ED6:  CLRF   06
0ED7:  MOVLW  3F
0ED8:  BCF    03.5
0ED9:  MOVWF  06
....................       output_d(0b01100000); 
0EDA:  BSF    03.5
0EDB:  CLRF   08
0EDC:  MOVLW  60
0EDD:  BCF    03.5
0EDE:  MOVWF  08
....................       delay_ms(100); 
0EDF:  MOVLW  64
0EE0:  MOVWF  2C
0EE1:  BCF    0A.3
0EE2:  CALL   004
0EE3:  BSF    0A.3
....................    } 
....................     
....................    if (Xa>=11000 && Xa<=17000 && Ya>=11000 && Ya<=17000)  
0EE4:  BTFSC  28.7
0EE5:  GOTO   725
0EE6:  MOVF   28,W
0EE7:  SUBLW  29
0EE8:  BTFSC  03.0
0EE9:  GOTO   725
0EEA:  XORLW  FF
0EEB:  BTFSS  03.2
0EEC:  GOTO   6F1
0EED:  MOVF   27,W
0EEE:  SUBLW  F7
0EEF:  BTFSC  03.0
0EF0:  GOTO   725
0EF1:  BTFSC  28.7
0EF2:  GOTO   6FD
0EF3:  MOVF   28,W
0EF4:  SUBLW  42
0EF5:  BTFSS  03.0
0EF6:  GOTO   725
0EF7:  BTFSS  03.2
0EF8:  GOTO   6FD
0EF9:  MOVF   27,W
0EFA:  SUBLW  68
0EFB:  BTFSS  03.0
0EFC:  GOTO   725
0EFD:  BTFSC  2A.7
0EFE:  GOTO   725
0EFF:  MOVF   2A,W
0F00:  SUBLW  29
0F01:  BTFSC  03.0
0F02:  GOTO   725
0F03:  XORLW  FF
0F04:  BTFSS  03.2
0F05:  GOTO   70A
0F06:  MOVF   29,W
0F07:  SUBLW  F7
0F08:  BTFSC  03.0
0F09:  GOTO   725
0F0A:  BTFSC  2A.7
0F0B:  GOTO   716
0F0C:  MOVF   2A,W
0F0D:  SUBLW  42
0F0E:  BTFSS  03.0
0F0F:  GOTO   725
0F10:  BTFSS  03.2
0F11:  GOTO   716
0F12:  MOVF   29,W
0F13:  SUBLW  68
0F14:  BTFSS  03.0
0F15:  GOTO   725
....................    { 
....................       output_b(0b00111111); 
0F16:  BSF    03.5
0F17:  CLRF   06
0F18:  MOVLW  3F
0F19:  BCF    03.5
0F1A:  MOVWF  06
....................       output_d(0b11000000); 
0F1B:  BSF    03.5
0F1C:  CLRF   08
0F1D:  MOVLW  C0
0F1E:  BCF    03.5
0F1F:  MOVWF  08
....................       delay_ms(100); 
0F20:  MOVLW  64
0F21:  MOVWF  2C
0F22:  BCF    0A.3
0F23:  CALL   004
0F24:  BSF    0A.3
....................    } 
0F25:  BCF    0A.3
0F26:  BCF    0A.4
0F27:  GOTO   723 (RETURN)
....................     
....................     
....................    /* ############################################################################################################### */ 
.................... } 
....................  
.................... void main() 
*
068E:  MOVLW  FF
068F:  MOVWF  20
0690:  CLRF   28
0691:  CLRF   27
0692:  CLRF   2A
0693:  CLRF   29
0694:  BSF    03.5
0695:  BSF    1F.0
0696:  BSF    1F.1
0697:  BSF    1F.2
0698:  BCF    1F.3
0699:  MOVLW  07
069A:  MOVWF  1C
069B:  BCF    03.7
069C:  MOVLW  1F
069D:  ANDWF  03,F
.................... { 
....................    set_tris_b(0x00); 
069E:  MOVLW  00
069F:  MOVWF  06
....................    set_tris_d(0x00); 
06A0:  MOVWF  08
....................     
....................    delay_ms(2); 
06A1:  MOVLW  02
06A2:  BCF    03.5
06A3:  MOVWF  2C
06A4:  CALL   004
....................     
....................    mpu6050_init(); 
06A5:  GOTO   09C
....................     
....................    for(int i=0; i<100; i++) 
06A6:  CLRF   2B
06A7:  MOVF   2B,W
06A8:  SUBLW  63
06A9:  BTFSS  03.0
06AA:  GOTO   6F9
....................    { 
....................       output_b(0b10011001); 
06AB:  BSF    03.5
06AC:  CLRF   06
06AD:  MOVLW  99
06AE:  BCF    03.5
06AF:  MOVWF  06
....................       output_d(0b00000010); 
06B0:  BSF    03.5
06B1:  CLRF   08
06B2:  MOVLW  02
06B3:  BCF    03.5
06B4:  MOVWF  08
....................       delay_ms(5); 
06B5:  MOVLW  05
06B6:  MOVWF  2C
06B7:  CALL   004
....................        
....................       output_b(0b00000000); 
06B8:  BSF    03.5
06B9:  CLRF   06
06BA:  BCF    03.5
06BB:  CLRF   06
....................       output_d(0b00000100); 
06BC:  BSF    03.5
06BD:  CLRF   08
06BE:  MOVLW  04
06BF:  BCF    03.5
06C0:  MOVWF  08
....................       delay_ms(5); 
06C1:  MOVLW  05
06C2:  MOVWF  2C
06C3:  CALL   004
....................        
....................       output_b(0b00000000); 
06C4:  BSF    03.5
06C5:  CLRF   06
06C6:  BCF    03.5
06C7:  CLRF   06
....................       output_d(0b00001000); 
06C8:  BSF    03.5
06C9:  CLRF   08
06CA:  MOVLW  08
06CB:  BCF    03.5
06CC:  MOVWF  08
....................       delay_ms(5); 
06CD:  MOVLW  05
06CE:  MOVWF  2C
06CF:  CALL   004
....................        
....................       output_b(0b10000001); 
06D0:  BSF    03.5
06D1:  CLRF   06
06D2:  MOVLW  81
06D3:  BCF    03.5
06D4:  MOVWF  06
....................       output_d(0b00010000); 
06D5:  BSF    03.5
06D6:  CLRF   08
06D7:  MOVLW  10
06D8:  BCF    03.5
06D9:  MOVWF  08
....................       delay_ms(5); 
06DA:  MOVLW  05
06DB:  MOVWF  2C
06DC:  CALL   004
....................        
....................       output_b(0b11000011); 
06DD:  BSF    03.5
06DE:  CLRF   06
06DF:  MOVLW  C3
06E0:  BCF    03.5
06E1:  MOVWF  06
....................       output_d(0b00100000); 
06E2:  BSF    03.5
06E3:  CLRF   08
06E4:  MOVLW  20
06E5:  BCF    03.5
06E6:  MOVWF  08
....................       delay_ms(5); 
06E7:  MOVLW  05
06E8:  MOVWF  2C
06E9:  CALL   004
....................        
....................       output_b(0b11100111); 
06EA:  BSF    03.5
06EB:  CLRF   06
06EC:  MOVLW  E7
06ED:  BCF    03.5
06EE:  MOVWF  06
....................       output_d(0b01000000); 
06EF:  BSF    03.5
06F0:  CLRF   08
06F1:  MOVLW  40
06F2:  BCF    03.5
06F3:  MOVWF  08
....................       delay_ms(5); 
06F4:  MOVLW  05
06F5:  MOVWF  2C
06F6:  CALL   004
06F7:  INCF   2B,F
06F8:  GOTO   6A7
....................    } 
....................      
....................    while(1) 
....................    { 
....................       A_data[0]=mpu6050_read(0x3B); //X eksen(LSB) ilk biti okunuyor 
06F9:  MOVLW  3B
06FA:  MOVWF  2C
06FB:  CALL   0BA
06FC:  MOVF   78,W
06FD:  MOVWF  21
....................       A_data[1]=mpu6050_read(0x3C); //X eksen(MSB) son biti okunuyor 
06FE:  MOVLW  3C
06FF:  MOVWF  2C
0700:  CALL   0BA
0701:  MOVF   78,W
0702:  MOVWF  22
....................       A_data[2]=mpu6050_read(0x3D); //Y eksen(LSB) ilk biti okunuyor 
0703:  MOVLW  3D
0704:  MOVWF  2C
0705:  CALL   0BA
0706:  MOVF   78,W
0707:  MOVWF  23
....................       A_data[3]=mpu6050_read(0x3E); //Y eksen(MSB) son biti okunuyor 
0708:  MOVLW  3E
0709:  MOVWF  2C
070A:  CALL   0BA
070B:  MOVF   78,W
070C:  MOVWF  24
....................          
....................       Xa=make16(A_data[0],A_data[1]); 
070D:  MOVF   21,W
070E:  MOVWF  28
070F:  MOVF   22,W
0710:  MOVWF  27
....................       Ya=make16(A_data[2],A_data[3]);                 
0711:  MOVF   23,W
0712:  MOVWF  2A
0713:  MOVF   24,W
0714:  MOVWF  29
....................         
....................       x0(); 
0715:  GOTO   15A
....................       x1(); 
0716:  GOTO   316
....................       x2(); 
0717:  GOTO   4D2
....................       x3(); 
0718:  BSF    0A.3
0719:  GOTO   000
071A:  BCF    0A.3
....................       x4(); 
071B:  BSF    0A.3
071C:  GOTO   1CA
071D:  BCF    0A.3
....................       x5(); 
071E:  BSF    0A.3
071F:  GOTO   394
0720:  BCF    0A.3
....................       x6(); 
0721:  BSF    0A.3
0722:  GOTO   55E
0723:  BCF    0A.3
....................         
....................       delay_ms(2); 
0724:  MOVLW  02
0725:  MOVWF  2C
0726:  CALL   004
0727:  GOTO   6F9
....................    } 
....................     
.................... } 
0728:  SLEEP

Configuration Fuses:
   Word  1: 3F71   XT NOWDT PUT BROWNOUT NOLVP NOCPD NOWRT NODEBUG NOPROTECT
